This is XeTeX, Version 3.141592653-2.6-0.999994 (TeX Live 2022) (preloaded format=xelatex 2023.5.2)  30 NOV 2023 10:54
entering extended mode
 restricted \write18 enabled.
 %&-line parsing enabled.
**senmon_kamoku.tex
(./senmon_kamoku.tex
LaTeX2e <2021-11-15> patch level 1
L3 programming layer <2022-02-24>
(/mnt2/s/fred/texlive/2022/texmf-dist/tex/latex/beamer/beamer.cls
Document Class: beamer 2022/02/08 v3.66 A class for typesetting presentations
(/mnt2/s/fred/texlive/2022/texmf-dist/tex/latex/beamer/beamerbasemodes.sty
(/mnt2/s/fred/texlive/2022/texmf-dist/tex/latex/etoolbox/etoolbox.sty
Package: etoolbox 2020/10/05 v2.5k e-TeX tools for LaTeX (JAW)
\etb@tempcnta=\count181
)
\beamer@tempbox=\box50
\beamer@tempcount=\count182
\c@beamerpauses=\count183

(/mnt2/s/fred/texlive/2022/texmf-dist/tex/latex/beamer/beamerbasedecode.sty
\beamer@slideinframe=\count184
\beamer@minimum=\count185
\beamer@decode@box=\box51
)
\beamer@commentbox=\box52
\beamer@modecount=\count186
)
(/mnt2/s/fred/texlive/2022/texmf-dist/tex/generic/iftex/iftex.sty
Package: iftex 2022/02/03 v1.0f TeX engine tests
)
\headdp=\dimen138
\footheight=\dimen139
\sidebarheight=\dimen140
\beamer@tempdim=\dimen141
\beamer@finalheight=\dimen142
\beamer@animht=\dimen143
\beamer@animdp=\dimen144
\beamer@animwd=\dimen145
\beamer@leftmargin=\dimen146
\beamer@rightmargin=\dimen147
\beamer@leftsidebar=\dimen148
\beamer@rightsidebar=\dimen149
\beamer@boxsize=\dimen150
\beamer@vboxoffset=\dimen151
\beamer@descdefault=\dimen152
\beamer@descriptionwidth=\dimen153
\beamer@lastskip=\skip47
\beamer@areabox=\box53
\beamer@animcurrent=\box54
\beamer@animshowbox=\box55
\beamer@sectionbox=\box56
\beamer@logobox=\box57
\beamer@linebox=\box58
\beamer@sectioncount=\count187
\beamer@subsubsectionmax=\count188
\beamer@subsectionmax=\count189
\beamer@sectionmax=\count190
\beamer@totalheads=\count191
\beamer@headcounter=\count192
\beamer@partstartpage=\count193
\beamer@sectionstartpage=\count194
\beamer@subsectionstartpage=\count195
\beamer@animationtempa=\count196
\beamer@animationtempb=\count197
\beamer@xpos=\count198
\beamer@ypos=\count199
\beamer@ypos@offset=\count266
\beamer@showpartnumber=\count267
\beamer@currentsubsection=\count268
\beamer@coveringdepth=\count269
\beamer@sectionadjust=\count270
\beamer@toclastsection=\count271
\beamer@tocsectionnumber=\count272

(/mnt2/s/fred/texlive/2022/texmf-dist/tex/latex/beamer/beamerbaseoptions.sty
(/mnt2/s/fred/texlive/2022/texmf-dist/tex/latex/graphics/keyval.sty
Package: keyval 2014/10/28 v1.15 key=value parser (DPC)
\KV@toks@=\toks16
))
\beamer@paperwidth=\skip48
\beamer@paperheight=\skip49

(/mnt2/s/fred/texlive/2022/texmf-dist/tex/latex/geometry/geometry.sty
Package: geometry 2020/01/02 v5.9 Page Geometry

(/mnt2/s/fred/texlive/2022/texmf-dist/tex/generic/iftex/ifvtex.sty
Package: ifvtex 2019/10/25 v1.7 ifvtex legacy package. Use iftex instead.
)
\Gm@cnth=\count273
\Gm@cntv=\count274
\c@Gm@tempcnt=\count275
\Gm@bindingoffset=\dimen154
\Gm@wd@mp=\dimen155
\Gm@odd@mp=\dimen156
\Gm@even@mp=\dimen157
\Gm@layoutwidth=\dimen158
\Gm@layoutheight=\dimen159
\Gm@layouthoffset=\dimen160
\Gm@layoutvoffset=\dimen161
\Gm@dimlist=\toks17
)
(/mnt2/s/fred/texlive/2022/texmf-dist/tex/latex/pgf/math/pgfmath.sty
(/mnt2/s/fred/texlive/2022/texmf-dist/tex/latex/pgf/utilities/pgfrcs.sty
(/mnt2/s/fred/texlive/2022/texmf-dist/tex/generic/pgf/utilities/pgfutil-common.
tex
\pgfutil@everybye=\toks18
\pgfutil@tempdima=\dimen162
\pgfutil@tempdimb=\dimen163

(/mnt2/s/fred/texlive/2022/texmf-dist/tex/generic/pgf/utilities/pgfutil-common-
lists.tex))
(/mnt2/s/fred/texlive/2022/texmf-dist/tex/generic/pgf/utilities/pgfutil-latex.d
ef
\pgfutil@abb=\box59
)
(/mnt2/s/fred/texlive/2022/texmf-dist/tex/generic/pgf/utilities/pgfrcs.code.tex
(/mnt2/s/fred/texlive/2022/texmf-dist/tex/generic/pgf/pgf.revision.tex)
Package: pgfrcs 2021/05/15 v3.1.9a (3.1.9a)
))
(/mnt2/s/fred/texlive/2022/texmf-dist/tex/latex/pgf/utilities/pgfkeys.sty
(/mnt2/s/fred/texlive/2022/texmf-dist/tex/generic/pgf/utilities/pgfkeys.code.te
x
\pgfkeys@pathtoks=\toks19
\pgfkeys@temptoks=\toks20

(/mnt2/s/fred/texlive/2022/texmf-dist/tex/generic/pgf/utilities/pgfkeysfiltered
.code.tex
\pgfkeys@tmptoks=\toks21
)))
(/mnt2/s/fred/texlive/2022/texmf-dist/tex/generic/pgf/math/pgfmath.code.tex
(/mnt2/s/fred/texlive/2022/texmf-dist/tex/generic/pgf/math/pgfmathcalc.code.tex

(/mnt2/s/fred/texlive/2022/texmf-dist/tex/generic/pgf/math/pgfmathutil.code.tex
\pgf@x=\dimen164
\pgf@xa=\dimen165
\pgf@xb=\dimen166
\pgf@xc=\dimen167
\pgf@y=\dimen168
\pgf@ya=\dimen169
\pgf@yb=\dimen170
\pgf@yc=\dimen171
\c@pgf@counta=\count276
\c@pgf@countb=\count277
\c@pgf@countc=\count278
\c@pgf@countd=\count279
)
(/mnt2/s/fred/texlive/2022/texmf-dist/tex/generic/pgf/math/pgfmathparser.code.t
ex
\pgfmath@dimen=\dimen172
\pgfmath@count=\count280
\pgfmath@box=\box60
\pgfmath@toks=\toks22
\pgfmath@stack@operand=\toks23
\pgfmath@stack@operation=\toks24
)
(/mnt2/s/fred/texlive/2022/texmf-dist/tex/generic/pgf/math/pgfmathfunctions.cod
e.tex
(/mnt2/s/fred/texlive/2022/texmf-dist/tex/generic/pgf/math/pgfmathfunctions.bas
ic.code.tex)
(/mnt2/s/fred/texlive/2022/texmf-dist/tex/generic/pgf/math/pgfmathfunctions.tri
gonometric.code.tex)
(/mnt2/s/fred/texlive/2022/texmf-dist/tex/generic/pgf/math/pgfmathfunctions.ran
dom.code.tex)
(/mnt2/s/fred/texlive/2022/texmf-dist/tex/generic/pgf/math/pgfmathfunctions.com
parison.code.tex)
(/mnt2/s/fred/texlive/2022/texmf-dist/tex/generic/pgf/math/pgfmathfunctions.bas
e.code.tex)
(/mnt2/s/fred/texlive/2022/texmf-dist/tex/generic/pgf/math/pgfmathfunctions.rou
nd.code.tex)
(/mnt2/s/fred/texlive/2022/texmf-dist/tex/generic/pgf/math/pgfmathfunctions.mis
c.code.tex)
(/mnt2/s/fred/texlive/2022/texmf-dist/tex/generic/pgf/math/pgfmathfunctions.int
egerarithmetics.code.tex)))
(/mnt2/s/fred/texlive/2022/texmf-dist/tex/generic/pgf/math/pgfmathfloat.code.te
x
\c@pgfmathroundto@lastzeros=\count281
))) (/mnt2/s/fred/texlive/2022/texmf-dist/tex/latex/base/size10.clo
File: size10.clo 2021/10/04 v1.4n Standard LaTeX file (size option)
)
(/mnt2/s/fred/texlive/2022/texmf-dist/tex/latex/pgf/basiclayer/pgfcore.sty
(/mnt2/s/fred/texlive/2022/texmf-dist/tex/latex/graphics/graphicx.sty
Package: graphicx 2021/09/16 v1.2d Enhanced LaTeX Graphics (DPC,SPQR)

(/mnt2/s/fred/texlive/2022/texmf-dist/tex/latex/graphics/graphics.sty
Package: graphics 2021/03/04 v1.4d Standard LaTeX Graphics (DPC,SPQR)

(/mnt2/s/fred/texlive/2022/texmf-dist/tex/latex/graphics/trig.sty
Package: trig 2021/08/11 v1.11 sin cos tan (DPC)
)
(/mnt2/s/fred/texlive/2022/texmf-dist/tex/latex/graphics-cfg/graphics.cfg
File: graphics.cfg 2016/06/04 v1.11 sample graphics configuration
)
Package graphics Info: Driver file: xetex.def on input line 107.

(/mnt2/s/fred/texlive/2022/texmf-dist/tex/latex/graphics-def/xetex.def
File: xetex.def 2021/03/18 v5.0k Graphics/color driver for xetex
))
\Gin@req@height=\dimen173
\Gin@req@width=\dimen174
)
(/mnt2/s/fred/texlive/2022/texmf-dist/tex/latex/pgf/systemlayer/pgfsys.sty
(/mnt2/s/fred/texlive/2022/texmf-dist/tex/generic/pgf/systemlayer/pgfsys.code.t
ex
Package: pgfsys 2021/05/15 v3.1.9a (3.1.9a)

(/mnt2/s/fred/texlive/2022/texmf-dist/tex/generic/pgf/utilities/pgfkeys.code.te
x)
\pgf@x=\dimen175
\pgf@y=\dimen176
\pgf@xa=\dimen177
\pgf@ya=\dimen178
\pgf@xb=\dimen179
\pgf@yb=\dimen180
\pgf@xc=\dimen181
\pgf@yc=\dimen182
\pgf@xd=\dimen183
\pgf@yd=\dimen184
\w@pgf@writea=\write3
\r@pgf@reada=\read2
\c@pgf@counta=\count282
\c@pgf@countb=\count283
\c@pgf@countc=\count284
\c@pgf@countd=\count285
\t@pgf@toka=\toks25
\t@pgf@tokb=\toks26
\t@pgf@tokc=\toks27
\pgf@sys@id@count=\count286
 (/mnt2/s/fred/texlive/2022/texmf-dist/tex/generic/pgf/systemlayer/pgf.cfg
File: pgf.cfg 2021/05/15 v3.1.9a (3.1.9a)
)
Driver file for pgf: pgfsys-xetex.def

(/mnt2/s/fred/texlive/2022/texmf-dist/tex/generic/pgf/systemlayer/pgfsys-xetex.
def
File: pgfsys-xetex.def 2021/05/15 v3.1.9a (3.1.9a)

(/mnt2/s/fred/texlive/2022/texmf-dist/tex/generic/pgf/systemlayer/pgfsys-dvipdf
mx.def
File: pgfsys-dvipdfmx.def 2021/05/15 v3.1.9a (3.1.9a)

(/mnt2/s/fred/texlive/2022/texmf-dist/tex/generic/pgf/systemlayer/pgfsys-common
-pdf.def
File: pgfsys-common-pdf.def 2021/05/15 v3.1.9a (3.1.9a)
)
\pgfsys@objnum=\count287
)))
(/mnt2/s/fred/texlive/2022/texmf-dist/tex/generic/pgf/systemlayer/pgfsyssoftpat
h.code.tex
File: pgfsyssoftpath.code.tex 2021/05/15 v3.1.9a (3.1.9a)
\pgfsyssoftpath@smallbuffer@items=\count288
\pgfsyssoftpath@bigbuffer@items=\count289
)
(/mnt2/s/fred/texlive/2022/texmf-dist/tex/generic/pgf/systemlayer/pgfsysprotoco
l.code.tex
File: pgfsysprotocol.code.tex 2021/05/15 v3.1.9a (3.1.9a)
)) (/mnt2/s/fred/texlive/2022/texmf-dist/tex/latex/xcolor/xcolor.sty
Package: xcolor 2021/10/31 v2.13 LaTeX color extensions (UK)

(/mnt2/s/fred/texlive/2022/texmf-dist/tex/latex/graphics-cfg/color.cfg
File: color.cfg 2016/01/02 v1.6 sample color configuration
)
Package xcolor Info: Driver file: xetex.def on input line 227.
Package xcolor Info: Model `cmy' substituted by `cmy0' on input line 1352.
Package xcolor Info: Model `RGB' extended on input line 1368.
Package xcolor Info: Model `HTML' substituted by `rgb' on input line 1370.
Package xcolor Info: Model `Hsb' substituted by `hsb' on input line 1371.
Package xcolor Info: Model `tHsb' substituted by `hsb' on input line 1372.
Package xcolor Info: Model `HSB' substituted by `hsb' on input line 1373.
Package xcolor Info: Model `Gray' substituted by `gray' on input line 1374.
Package xcolor Info: Model `wave' substituted by `hsb' on input line 1375.
)
(/mnt2/s/fred/texlive/2022/texmf-dist/tex/generic/pgf/basiclayer/pgfcore.code.t
ex
Package: pgfcore 2021/05/15 v3.1.9a (3.1.9a)
 (/mnt2/s/fred/texlive/2022/texmf-dist/tex/generic/pgf/math/pgfmath.code.tex) (
/mnt2/s/fred/texlive/2022/texmf-dist/tex/generic/pgf/math/pgfint.code.tex)
(/mnt2/s/fred/texlive/2022/texmf-dist/tex/generic/pgf/basiclayer/pgfcorepoints.
code.tex
File: pgfcorepoints.code.tex 2021/05/15 v3.1.9a (3.1.9a)
\pgf@picminx=\dimen185
\pgf@picmaxx=\dimen186
\pgf@picminy=\dimen187
\pgf@picmaxy=\dimen188
\pgf@pathminx=\dimen189
\pgf@pathmaxx=\dimen190
\pgf@pathminy=\dimen191
\pgf@pathmaxy=\dimen192
\pgf@xx=\dimen193
\pgf@xy=\dimen194
\pgf@yx=\dimen195
\pgf@yy=\dimen196
\pgf@zx=\dimen197
\pgf@zy=\dimen198
)
(/mnt2/s/fred/texlive/2022/texmf-dist/tex/generic/pgf/basiclayer/pgfcorepathcon
struct.code.tex
File: pgfcorepathconstruct.code.tex 2021/05/15 v3.1.9a (3.1.9a)
\pgf@path@lastx=\dimen199
\pgf@path@lasty=\dimen256
)
(/mnt2/s/fred/texlive/2022/texmf-dist/tex/generic/pgf/basiclayer/pgfcorepathusa
ge.code.tex
File: pgfcorepathusage.code.tex 2021/05/15 v3.1.9a (3.1.9a)
\pgf@shorten@end@additional=\dimen257
\pgf@shorten@start@additional=\dimen258
)
(/mnt2/s/fred/texlive/2022/texmf-dist/tex/generic/pgf/basiclayer/pgfcorescopes.
code.tex
File: pgfcorescopes.code.tex 2021/05/15 v3.1.9a (3.1.9a)
\pgfpic=\box61
\pgf@hbox=\box62
\pgf@layerbox@main=\box63
\pgf@picture@serial@count=\count290
)
(/mnt2/s/fred/texlive/2022/texmf-dist/tex/generic/pgf/basiclayer/pgfcoregraphic
state.code.tex
File: pgfcoregraphicstate.code.tex 2021/05/15 v3.1.9a (3.1.9a)
\pgflinewidth=\dimen259
)
(/mnt2/s/fred/texlive/2022/texmf-dist/tex/generic/pgf/basiclayer/pgfcoretransfo
rmations.code.tex
File: pgfcoretransformations.code.tex 2021/05/15 v3.1.9a (3.1.9a)
\pgf@pt@x=\dimen260
\pgf@pt@y=\dimen261
\pgf@pt@temp=\dimen262
)
(/mnt2/s/fred/texlive/2022/texmf-dist/tex/generic/pgf/basiclayer/pgfcorequick.c
ode.tex
File: pgfcorequick.code.tex 2021/05/15 v3.1.9a (3.1.9a)
)
(/mnt2/s/fred/texlive/2022/texmf-dist/tex/generic/pgf/basiclayer/pgfcoreobjects
.code.tex
File: pgfcoreobjects.code.tex 2021/05/15 v3.1.9a (3.1.9a)
)
(/mnt2/s/fred/texlive/2022/texmf-dist/tex/generic/pgf/basiclayer/pgfcorepathpro
cessing.code.tex
File: pgfcorepathprocessing.code.tex 2021/05/15 v3.1.9a (3.1.9a)
)
(/mnt2/s/fred/texlive/2022/texmf-dist/tex/generic/pgf/basiclayer/pgfcorearrows.
code.tex
File: pgfcorearrows.code.tex 2021/05/15 v3.1.9a (3.1.9a)
\pgfarrowsep=\dimen263
)
(/mnt2/s/fred/texlive/2022/texmf-dist/tex/generic/pgf/basiclayer/pgfcoreshade.c
ode.tex
File: pgfcoreshade.code.tex 2021/05/15 v3.1.9a (3.1.9a)
\pgf@max=\dimen264
\pgf@sys@shading@range@num=\count291
\pgf@shadingcount=\count292
)
(/mnt2/s/fred/texlive/2022/texmf-dist/tex/generic/pgf/basiclayer/pgfcoreimage.c
ode.tex
File: pgfcoreimage.code.tex 2021/05/15 v3.1.9a (3.1.9a)

(/mnt2/s/fred/texlive/2022/texmf-dist/tex/generic/pgf/basiclayer/pgfcoreexterna
l.code.tex
File: pgfcoreexternal.code.tex 2021/05/15 v3.1.9a (3.1.9a)
\pgfexternal@startupbox=\box64
))
(/mnt2/s/fred/texlive/2022/texmf-dist/tex/generic/pgf/basiclayer/pgfcorelayers.
code.tex
File: pgfcorelayers.code.tex 2021/05/15 v3.1.9a (3.1.9a)
)
(/mnt2/s/fred/texlive/2022/texmf-dist/tex/generic/pgf/basiclayer/pgfcoretranspa
rency.code.tex
File: pgfcoretransparency.code.tex 2021/05/15 v3.1.9a (3.1.9a)
)
(/mnt2/s/fred/texlive/2022/texmf-dist/tex/generic/pgf/basiclayer/pgfcorepattern
s.code.tex
File: pgfcorepatterns.code.tex 2021/05/15 v3.1.9a (3.1.9a)
)
(/mnt2/s/fred/texlive/2022/texmf-dist/tex/generic/pgf/basiclayer/pgfcorerdf.cod
e.tex
File: pgfcorerdf.code.tex 2021/05/15 v3.1.9a (3.1.9a)
)))
(/mnt2/s/fred/texlive/2022/texmf-dist/tex/latex/pgf/utilities/xxcolor.sty
Package: xxcolor 2003/10/24 ver 0.1
\XC@nummixins=\count293
\XC@countmixins=\count294
)
(/mnt2/s/fred/texlive/2022/texmf-dist/tex/latex/base/atbegshi-ltx.sty
Package: atbegshi-ltx 2021/01/10 v1.0c Emulation of the original atbegshi
package with kernel methods
)
(/mnt2/s/fred/texlive/2022/texmf-dist/tex/latex/hyperref/hyperref.sty
Package: hyperref 2022-02-21 v7.00n Hypertext links for LaTeX

(/mnt2/s/fred/texlive/2022/texmf-dist/tex/generic/ltxcmds/ltxcmds.sty
Package: ltxcmds 2020-05-10 v1.25 LaTeX kernel commands for general use (HO)
)
(/mnt2/s/fred/texlive/2022/texmf-dist/tex/generic/pdftexcmds/pdftexcmds.sty
Package: pdftexcmds 2020-06-27 v0.33 Utility functions of pdfTeX for LuaTeX (HO
)

(/mnt2/s/fred/texlive/2022/texmf-dist/tex/generic/infwarerr/infwarerr.sty
Package: infwarerr 2019/12/03 v1.5 Providing info/warning/error messages (HO)
)
Package pdftexcmds Info: \pdf@primitive is available.
Package pdftexcmds Info: \pdf@ifprimitive is available.
Package pdftexcmds Info: \pdfdraftmode not found.
)
(/mnt2/s/fred/texlive/2022/texmf-dist/tex/generic/kvsetkeys/kvsetkeys.sty
Package: kvsetkeys 2019/12/15 v1.18 Key value parser (HO)
)
(/mnt2/s/fred/texlive/2022/texmf-dist/tex/generic/kvdefinekeys/kvdefinekeys.sty
Package: kvdefinekeys 2019-12-19 v1.6 Define keys (HO)
) (/mnt2/s/fred/texlive/2022/texmf-dist/tex/generic/pdfescape/pdfescape.sty
Package: pdfescape 2019/12/09 v1.15 Implements pdfTeX's escape features (HO)
)
(/mnt2/s/fred/texlive/2022/texmf-dist/tex/latex/hycolor/hycolor.sty
Package: hycolor 2020-01-27 v1.10 Color options for hyperref/bookmark (HO)
)
(/mnt2/s/fred/texlive/2022/texmf-dist/tex/latex/letltxmacro/letltxmacro.sty
Package: letltxmacro 2019/12/03 v1.6 Let assignment for LaTeX macros (HO)
)
(/mnt2/s/fred/texlive/2022/texmf-dist/tex/latex/auxhook/auxhook.sty
Package: auxhook 2019-12-17 v1.6 Hooks for auxiliary files (HO)
)
(/mnt2/s/fred/texlive/2022/texmf-dist/tex/latex/kvoptions/kvoptions.sty
Package: kvoptions 2020-10-07 v3.14 Key value format for package options (HO)
)
\@linkdim=\dimen265
\Hy@linkcounter=\count295
\Hy@pagecounter=\count296

(/mnt2/s/fred/texlive/2022/texmf-dist/tex/latex/hyperref/pd1enc.def
File: pd1enc.def 2022-02-21 v7.00n Hyperref: PDFDocEncoding definition (HO)
)
(/mnt2/s/fred/texlive/2022/texmf-dist/tex/generic/intcalc/intcalc.sty
Package: intcalc 2019/12/15 v1.3 Expandable calculations with integers (HO)
)
(/mnt2/s/fred/texlive/2022/texmf-dist/tex/generic/etexcmds/etexcmds.sty
Package: etexcmds 2019/12/15 v1.7 Avoid name clashes with e-TeX commands (HO)
)
\Hy@SavedSpaceFactor=\count297

(/mnt2/s/fred/texlive/2022/texmf-dist/tex/latex/hyperref/puenc.def
File: puenc.def 2022-02-21 v7.00n Hyperref: PDF Unicode definition (HO)
)
Package hyperref Info: Option `bookmarks' set `true' on input line 4018.
Package hyperref Info: Option `bookmarksopen' set `true' on input line 4018.
Package hyperref Info: Option `implicit' set `false' on input line 4018.
Package hyperref Info: Hyper figures OFF on input line 4137.
Package hyperref Info: Link nesting OFF on input line 4142.
Package hyperref Info: Hyper index ON on input line 4145.
Package hyperref Info: Plain pages OFF on input line 4152.
Package hyperref Info: Backreferencing OFF on input line 4157.
Package hyperref Info: Implicit mode OFF; no redefinition of LaTeX internals.
Package hyperref Info: Bookmarks ON on input line 4390.
\c@Hy@tempcnt=\count298

(/mnt2/s/fred/texlive/2022/texmf-dist/tex/latex/url/url.sty
\Urlmuskip=\muskip16
Package: url 2013/09/16  ver 3.4  Verb mode for urls, etc.
)
LaTeX Info: Redefining \url on input line 4749.
\XeTeXLinkMargin=\dimen266

(/mnt2/s/fred/texlive/2022/texmf-dist/tex/generic/bitset/bitset.sty
Package: bitset 2019/12/09 v1.3 Handle bit-vector datatype (HO)

(/mnt2/s/fred/texlive/2022/texmf-dist/tex/generic/bigintcalc/bigintcalc.sty
Package: bigintcalc 2019/12/15 v1.5 Expandable calculations on big integers (HO
)
))
\Fld@menulength=\count299
\Field@Width=\dimen267
\Fld@charsize=\dimen268
Package hyperref Info: Hyper figures OFF on input line 6027.
Package hyperref Info: Link nesting OFF on input line 6032.
Package hyperref Info: Hyper index ON on input line 6035.
Package hyperref Info: backreferencing OFF on input line 6042.
Package hyperref Info: Link coloring OFF on input line 6047.
Package hyperref Info: Link coloring with OCG OFF on input line 6052.
Package hyperref Info: PDF/A mode OFF on input line 6057.
LaTeX Info: Redefining \ref on input line 6097.
LaTeX Info: Redefining \pageref on input line 6101.
\Hy@abspage=\count300


Package hyperref Message: Stopped early.

)
Package hyperref Info: Driver (autodetected): hxetex.
 (/mnt2/s/fred/texlive/2022/texmf-dist/tex/latex/hyperref/hxetex.def
File: hxetex.def 2022-02-21 v7.00n Hyperref driver for XeTeX

(/mnt2/s/fred/texlive/2022/texmf-dist/tex/generic/stringenc/stringenc.sty
Package: stringenc 2019/11/29 v1.12 Convert strings between diff. encodings (HO
)
)
\pdfm@box=\box65
\c@Hy@AnnotLevel=\count301
\HyField@AnnotCount=\count302
\Fld@listcount=\count303
\c@bookmark@seq@number=\count304

(/mnt2/s/fred/texlive/2022/texmf-dist/tex/latex/rerunfilecheck/rerunfilecheck.s
ty
Package: rerunfilecheck 2019/12/05 v1.9 Rerun checks for auxiliary files (HO)
 (/mnt2/s/fred/texlive/2022/texmf-dist/tex/latex/base/atveryend-ltx.sty
Package: atveryend-ltx 2020/08/19 v1.0a Emulation of the original atveryend pac
kage
with kernel methods
)
(/mnt2/s/fred/texlive/2022/texmf-dist/tex/generic/uniquecounter/uniquecounter.s
ty
Package: uniquecounter 2019/12/15 v1.4 Provide unlimited unique counter (HO)
)
Package uniquecounter Info: New unique counter `rerunfilecheck' on input line 2
86.
))
(/mnt2/s/fred/texlive/2022/texmf-dist/tex/latex/beamer/beamerbaserequires.sty
(/mnt2/s/fred/texlive/2022/texmf-dist/tex/latex/beamer/beamerbasecompatibility.
sty) (/mnt2/s/fred/texlive/2022/texmf-dist/tex/latex/beamer/beamerbasefont.sty
(/mnt2/s/fred/texlive/2022/texmf-dist/tex/latex/amsfonts/amssymb.sty
Package: amssymb 2013/01/14 v3.01 AMS font symbols

(/mnt2/s/fred/texlive/2022/texmf-dist/tex/latex/amsfonts/amsfonts.sty
Package: amsfonts 2013/01/14 v3.01 Basic AMSFonts support
\@emptytoks=\toks28
\symAMSa=\mathgroup4
\symAMSb=\mathgroup5
LaTeX Font Info:    Redeclaring math symbol \hbar on input line 98.
LaTeX Font Info:    Overwriting math alphabet `\mathfrak' in version `bold'
(Font)                  U/euf/m/n --> U/euf/b/n on input line 106.
))
(/mnt2/s/fred/texlive/2022/texmf-dist/tex/latex/sansmathaccent/sansmathaccent.s
ty
Package: sansmathaccent 2020/01/31
 (/mnt2/s/fred/texlive/2022/texmf-dist/tex/latex/koma-script/scrlfile.sty
Package: scrlfile 2021/11/13 v3.35 KOMA-Script package (file load hooks)

(/mnt2/s/fred/texlive/2022/texmf-dist/tex/latex/koma-script/scrlfile-hook.sty
Package: scrlfile-hook 2021/11/13 v3.35 KOMA-Script package (using LaTeX hooks)


(/mnt2/s/fred/texlive/2022/texmf-dist/tex/latex/koma-script/scrlogo.sty
Package: scrlogo 2021/11/13 v3.35 KOMA-Script package (logo)
)))))
(/mnt2/s/fred/texlive/2022/texmf-dist/tex/latex/beamer/beamerbasetranslator.sty
(/mnt2/s/fred/texlive/2022/texmf-dist/tex/latex/translator/translator.sty
Package: translator 2021-05-31 v1.12d Easy translation of strings in LaTeX
))
(/mnt2/s/fred/texlive/2022/texmf-dist/tex/latex/beamer/beamerbasemisc.sty)
(/mnt2/s/fred/texlive/2022/texmf-dist/tex/latex/beamer/beamerbasetwoscreens.sty
) (/mnt2/s/fred/texlive/2022/texmf-dist/tex/latex/beamer/beamerbaseoverlay.sty
\beamer@argscount=\count305
\beamer@lastskipcover=\skip50
\beamer@trivlistdepth=\count306
) (/mnt2/s/fred/texlive/2022/texmf-dist/tex/latex/beamer/beamerbasetitle.sty)
(/mnt2/s/fred/texlive/2022/texmf-dist/tex/latex/beamer/beamerbasesection.sty
\c@lecture=\count307
\c@part=\count308
\c@section=\count309
\c@subsection=\count310
\c@subsubsection=\count311
)
(/mnt2/s/fred/texlive/2022/texmf-dist/tex/latex/beamer/beamerbaseframe.sty
\beamer@framebox=\box66
\beamer@frametitlebox=\box67
\beamer@zoombox=\box68
\beamer@zoomcount=\count312
\beamer@zoomframecount=\count313
\beamer@frametextheight=\dimen269
\c@subsectionslide=\count314
\beamer@frametopskip=\skip51
\beamer@framebottomskip=\skip52
\beamer@frametopskipautobreak=\skip53
\beamer@framebottomskipautobreak=\skip54
\beamer@envbody=\toks29
\framewidth=\dimen270
\c@framenumber=\count315
)
(/mnt2/s/fred/texlive/2022/texmf-dist/tex/latex/beamer/beamerbaseverbatim.sty
\beamer@verbatimfileout=\write4
)
(/mnt2/s/fred/texlive/2022/texmf-dist/tex/latex/beamer/beamerbaseframesize.sty
\beamer@splitbox=\box69
\beamer@autobreakcount=\count316
\beamer@autobreaklastheight=\dimen271
\beamer@frametitletoks=\toks30
\beamer@framesubtitletoks=\toks31
)
(/mnt2/s/fred/texlive/2022/texmf-dist/tex/latex/beamer/beamerbaseframecomponent
s.sty
\beamer@footins=\box70
)
(/mnt2/s/fred/texlive/2022/texmf-dist/tex/latex/beamer/beamerbasecolor.sty)
(/mnt2/s/fred/texlive/2022/texmf-dist/tex/latex/beamer/beamerbasenotes.sty
\beamer@frameboxcopy=\box71
)
(/mnt2/s/fred/texlive/2022/texmf-dist/tex/latex/beamer/beamerbasetoc.sty)
(/mnt2/s/fred/texlive/2022/texmf-dist/tex/latex/beamer/beamerbasetemplates.sty
\beamer@sbttoks=\toks32

(/mnt2/s/fred/texlive/2022/texmf-dist/tex/latex/beamer/beamerbaseauxtemplates.s
ty (/mnt2/s/fred/texlive/2022/texmf-dist/tex/latex/beamer/beamerbaseboxes.sty
\bmb@box=\box72
\bmb@colorbox=\box73
\bmb@boxwidth=\dimen272
\bmb@boxheight=\dimen273
\bmb@prevheight=\dimen274
\bmb@temp=\dimen275
\bmb@dima=\dimen276
\bmb@dimb=\dimen277
\bmb@prevheight=\dimen278
)
\beamer@blockheadheight=\dimen279
))
(/mnt2/s/fred/texlive/2022/texmf-dist/tex/latex/beamer/beamerbaselocalstructure
.sty (/mnt2/s/fred/texlive/2022/texmf-dist/tex/latex/tools/enumerate.sty
Package: enumerate 2015/07/23 v3.00 enumerate extensions (DPC)
\@enLab=\toks33
)
\beamer@bibiconwidth=\skip55
\c@figure=\count317
\c@table=\count318
\abovecaptionskip=\skip56
\belowcaptionskip=\skip57
)
(/mnt2/s/fred/texlive/2022/texmf-dist/tex/latex/beamer/beamerbasenavigation.sty
\beamer@section@min@dim=\dimen280
) (/mnt2/s/fred/texlive/2022/texmf-dist/tex/latex/beamer/beamerbasetheorems.sty
(/mnt2/s/fred/texlive/2022/texmf-dist/tex/latex/amsmath/amsmath.sty
Package: amsmath 2021/10/15 v2.17l AMS math features
\@mathmargin=\skip58

For additional information on amsmath, use the `?' option.
(/mnt2/s/fred/texlive/2022/texmf-dist/tex/latex/amsmath/amstext.sty
Package: amstext 2021/08/26 v2.01 AMS text

(/mnt2/s/fred/texlive/2022/texmf-dist/tex/latex/amsmath/amsgen.sty
File: amsgen.sty 1999/11/30 v2.0 generic functions
\@emptytoks=\toks34
\ex@=\dimen281
))
(/mnt2/s/fred/texlive/2022/texmf-dist/tex/latex/amsmath/amsbsy.sty
Package: amsbsy 1999/11/29 v1.2d Bold Symbols
\pmbraise@=\dimen282
)
(/mnt2/s/fred/texlive/2022/texmf-dist/tex/latex/amsmath/amsopn.sty
Package: amsopn 2021/08/26 v2.02 operator names
)
\inf@bad=\count319
LaTeX Info: Redefining \frac on input line 234.
\uproot@=\count320
\leftroot@=\count321
LaTeX Info: Redefining \overline on input line 399.
\classnum@=\count322
\DOTSCASE@=\count323
LaTeX Info: Redefining \ldots on input line 496.
LaTeX Info: Redefining \dots on input line 499.
LaTeX Info: Redefining \cdots on input line 620.
\Mathstrutbox@=\box74
\strutbox@=\box75
\big@size=\dimen283
LaTeX Font Info:    Redeclaring font encoding OML on input line 743.
LaTeX Font Info:    Redeclaring font encoding OMS on input line 744.
\macc@depth=\count324
\c@MaxMatrixCols=\count325
\dotsspace@=\muskip17
\c@parentequation=\count326
\dspbrk@lvl=\count327
\tag@help=\toks35
\row@=\count328
\column@=\count329
\maxfields@=\count330
\andhelp@=\toks36
\eqnshift@=\dimen284
\alignsep@=\dimen285
\tagshift@=\dimen286
\tagwidth@=\dimen287
\totwidth@=\dimen288
\lineht@=\dimen289
\@envbody=\toks37
\multlinegap=\skip59
\multlinetaggap=\skip60
\mathdisplay@stack=\toks38
LaTeX Info: Redefining \[ on input line 2938.
LaTeX Info: Redefining \] on input line 2939.
)
(/mnt2/s/fred/texlive/2022/texmf-dist/tex/latex/amscls/amsthm.sty
Package: amsthm 2020/05/29 v2.20.6
\thm@style=\toks39
\thm@bodyfont=\toks40
\thm@headfont=\toks41
\thm@notefont=\toks42
\thm@headpunct=\toks43
\thm@preskip=\skip61
\thm@postskip=\skip62
\thm@headsep=\skip63
\dth@everypar=\toks44
)
\c@theorem=\count331
)
(/mnt2/s/fred/texlive/2022/texmf-dist/tex/latex/beamer/beamerbasethemes.sty))
(/mnt2/s/fred/texlive/2022/texmf-dist/tex/latex/beamer/beamerthemedefault.sty
(/mnt2/s/fred/texlive/2022/texmf-dist/tex/latex/beamer/beamerfontthemedefault.s
ty)
(/mnt2/s/fred/texlive/2022/texmf-dist/tex/latex/beamer/beamercolorthemedefault.
sty)
(/mnt2/s/fred/texlive/2022/texmf-dist/tex/latex/beamer/beamerinnerthemedefault.
sty
\beamer@dima=\dimen290
\beamer@dimb=\dimen291
)
(/mnt2/s/fred/texlive/2022/texmf-dist/tex/latex/beamer/beamerouterthemedefault.
sty))) (./beamer_preamble.tex
(/mnt2/s/fred/texlive/2022/texmf-dist/tex/xelatex/xecjk/xeCJK.sty
(/mnt2/s/fred/texlive/2022/texmf-dist/tex/latex/l3kernel/expl3.sty
Package: expl3 2022-02-24 L3 programming layer (loader) 

(/mnt2/s/fred/texlive/2022/texmf-dist/tex/latex/l3backend/l3backend-xetex.def
File: l3backend-xetex.def 2022-02-07 L3 backend support: XeTeX

(|extractbb --version)
\c__kernel_sys_dvipdfmx_version_int=\count332
\l__color_backend_stack_int=\count333
\g__color_backend_stack_int=\count334
\g__graphics_track_int=\count335
\l__pdf_internal_box=\box76
\g__pdf_backend_object_int=\count336
\g__pdf_backend_annotation_int=\count337
\g__pdf_backend_link_int=\count338
))
Package: xeCJK 2021/12/12 v3.8.8 Typesetting CJK scripts with XeLaTeX

(/mnt2/s/fred/texlive/2022/texmf-dist/tex/latex/ctex/ctexhook.sty
Package: ctexhook 2021/12/12 v2.5.8 Document and package hooks (CTEX)
)
(/mnt2/s/fred/texlive/2022/texmf-dist/tex/latex/l3packages/l3keys2e/l3keys2e.st
y
Package: l3keys2e 2022-01-12 LaTeX2e option processing using LaTeX3 keys
)
(/mnt2/s/fred/texlive/2022/texmf-dist/tex/latex/l3packages/xtemplate/xtemplate.
sty
Package: xtemplate 2022-01-12 L3 Experimental prototype document functions
\l__xtemplate_tmp_dim=\dimen292
\l__xtemplate_tmp_int=\count339
\l__xtemplate_tmp_muskip=\muskip18
\l__xtemplate_tmp_skip=\skip64
)
(/mnt2/s/fred/texlive/2022/texmf-dist/tex/latex/l3packages/xparse/xparse.sty
Package: xparse 2022-01-12 L3 Experimental document command parser
)
\l__xeCJK_tmp_int=\count340
\l__xeCJK_tmp_box=\box77
\l__xeCJK_tmp_dim=\dimen293
\l__xeCJK_tmp_skip=\skip65
\g__xeCJK_space_factor_int=\count341
\l__xeCJK_begin_int=\count342
\l__xeCJK_end_int=\count343
\c__xeCJK_CJK_class_int=\XeTeXcharclass1
\c__xeCJK_FullLeft_class_int=\XeTeXcharclass2
\c__xeCJK_FullRight_class_int=\XeTeXcharclass3
\c__xeCJK_HalfLeft_class_int=\XeTeXcharclass4
\c__xeCJK_HalfRight_class_int=\XeTeXcharclass5
\c__xeCJK_NormalSpace_class_int=\XeTeXcharclass6
\c__xeCJK_CM_class_int=\XeTeXcharclass7
\c__xeCJK_HangulJamo_class_int=\XeTeXcharclass8
\l__xeCJK_last_skip=\skip66
\g__xeCJK_node_int=\count344
\c__xeCJK_CJK_node_dim=\dimen294
\c__xeCJK_CJK-space_node_dim=\dimen295
\c__xeCJK_default_node_dim=\dimen296
\c__xeCJK_default-space_node_dim=\dimen297
\c__xeCJK_CJK-widow_node_dim=\dimen298
\c__xeCJK_normalspace_node_dim=\dimen299
\l__xeCJK_ccglue_skip=\skip67
\l__xeCJK_ecglue_skip=\skip68
\l__xeCJK_punct_kern_skip=\skip69
\l__xeCJK_last_penalty_int=\count345
\l__xeCJK_last_bound_dim=\dimen300
\l__xeCJK_last_kern_dim=\dimen301
\l__xeCJK_widow_penalty_int=\count346

Package xtemplate Info: Declaring object type 'xeCJK/punctuation' taking 0
(xtemplate)             argument(s) on line 2337.

\l__xeCJK_fixed_punct_width_dim=\dimen302
\l__xeCJK_mixed_punct_width_dim=\dimen303
\l__xeCJK_middle_punct_width_dim=\dimen304
\l__xeCJK_fixed_margin_width_dim=\dimen305
\l__xeCJK_mixed_margin_width_dim=\dimen306
\l__xeCJK_middle_margin_width_dim=\dimen307
\l__xeCJK_bound_punct_width_dim=\dimen308
\l__xeCJK_bound_margin_width_dim=\dimen309
\l__xeCJK_margin_minimum_dim=\dimen310
\l__xeCJK_kerning_total_width_dim=\dimen311
\l__xeCJK_same_align_margin_dim=\dimen312
\l__xeCJK_different_align_margin_dim=\dimen313
\l__xeCJK_kerning_margin_width_dim=\dimen314
\l__xeCJK_kerning_margin_minimum_dim=\dimen315
\l__xeCJK_bound_dim=\dimen316
\l__xeCJK_reverse_bound_dim=\dimen317
\l__xeCJK_margin_dim=\dimen318
\l__xeCJK_minimum_bound_dim=\dimen319
\l__xeCJK_kerning_margin_dim=\dimen320
\g__xeCJK_family_int=\count347
\l__xeCJK_fam_int=\count348
\g__xeCJK_fam_allocation_int=\count349
\l__xeCJK_verb_case_int=\count350
\l__xeCJK_verb_exspace_skip=\skip70

(/mnt2/s/fred/texlive/2022/texmf-dist/tex/latex/fontspec/fontspec.sty
Package: fontspec 2022/01/15 v2.8a Font selection for XeLaTeX and LuaLaTeX

(/mnt2/s/fred/texlive/2022/texmf-dist/tex/latex/fontspec/fontspec-xetex.sty
Package: fontspec-xetex 2022/01/15 v2.8a Font selection for XeLaTeX and LuaLaTe
X
\l__fontspec_script_int=\count351
\l__fontspec_language_int=\count352
\l__fontspec_strnum_int=\count353
\l__fontspec_tmp_int=\count354
\l__fontspec_tmpa_int=\count355
\l__fontspec_tmpb_int=\count356
\l__fontspec_tmpc_int=\count357
\l__fontspec_em_int=\count358
\l__fontspec_emdef_int=\count359
\l__fontspec_strong_int=\count360
\l__fontspec_strongdef_int=\count361
\l__fontspec_tmpa_dim=\dimen321
\l__fontspec_tmpb_dim=\dimen322
\l__fontspec_tmpc_dim=\dimen323

(/mnt2/s/fred/texlive/2022/texmf-dist/tex/latex/base/fontenc.sty
Package: fontenc 2021/04/29 v2.0v Standard LaTeX package
)
(/mnt2/s/fred/texlive/2022/texmf-dist/tex/latex/fontspec/fontspec.cfg)))
(/mnt2/s/fred/texlive/2022/texmf-dist/tex/xelatex/xecjk/xeCJK.cfg
File: xeCJK.cfg 2021/12/12 v3.8.8 Configuration file for xeCJK package
))

Package fontspec Warning: Font "../fonts/AozoraMinchoRegular" does not contain
(fontspec)                requested Script "CJK".


Package fontspec Info: Font family '../fonts/AozoraMinchoRegular.ttf(0)'
(fontspec)             created for font '../fonts/AozoraMinchoRegular.ttf'
(fontspec)             with options
(fontspec)             [Script={CJK},BoldFont={../fonts/AozoraMincho-bold},Auto
FakeSlant={0.15}].
(fontspec)              
(fontspec)              This font family consists of the following NFSS
(fontspec)             series/shapes:
(fontspec)              
(fontspec)             - 'normal' (m/n) with NFSS spec.:
(fontspec)             <->"[../fonts/AozoraMinchoRegular.ttf]/OT:language=dflt;
"
(fontspec)             - 'small caps'  (m/sc) with NFSS spec.: 
(fontspec)             - 'bold' (b/n) with NFSS spec.:
(fontspec)             <->"[../fonts/AozoraMincho-bold.ttf]/OT:language=dflt;"
(fontspec)             - 'bold small caps'  (b/sc) with NFSS spec.: 
(fontspec)             - 'italic' (m/it) with NFSS spec.:
(fontspec)             <->"[../fonts/AozoraMinchoRegular.ttf]/OT:language=dflt;
slant=0.15;"
(fontspec)             - 'italic small caps'  (m/scit) with NFSS spec.: 

(/mnt2/s/fred/texlive/2022/texmf-dist/tex/latex/doublestroke/dsfont.sty
Package: dsfont 1995/08/01 v0.1 Double stroke roman fonts
)
(/mnt2/s/fred/texlive/2022/texmf-dist/tex/latex/was/gensymb.sty
Package: gensymb 2003/07/02 v1.0 (WaS)
)
(/mnt2/s/fred/texlive/2022/texmf-dist/tex/latex/beamer/beamerfontthemeprofessio
nalfonts.sty)
(/mnt2/s/fred/texlive/2022/texmf-dist/tex/latex/epstopdf-pkg/epstopdf.sty
Package: epstopdf 2020-01-24 v2.11 Conversion with epstopdf on the fly (HO)

(/mnt2/s/fred/texlive/2022/texmf-dist/tex/latex/grfext/grfext.sty
Package: grfext 2019/12/03 v1.3 Manage graphics extensions (HO)
)
(/mnt2/s/fred/texlive/2022/texmf-dist/tex/latex/epstopdf-pkg/epstopdf-base.sty
Package: epstopdf-base 2020-01-24 v2.11 Base part for package epstopdf


Package epstopdf Warning: Drivers other than `pdftex' and `luatex' are not supp
orted.

)) (/mnt2/s/fred/texlive/2022/texmf-dist/tex/latex/subfig/subfig.sty
Package: subfig 2005/06/28 ver: 1.3 subfig package

(/mnt2/s/fred/texlive/2022/texmf-dist/tex/latex/caption/caption.sty
Package: caption 2022/03/01 v3.6b Customizing captions (AR)

(/mnt2/s/fred/texlive/2022/texmf-dist/tex/latex/caption/caption3.sty
Package: caption3 2022/03/17 v2.3b caption3 kernel (AR)
\caption@tempdima=\dimen324
\captionmargin=\dimen325
\caption@leftmargin=\dimen326
\caption@rightmargin=\dimen327
\caption@width=\dimen328
\caption@indent=\dimen329
\caption@parindent=\dimen330
\caption@hangindent=\dimen331
Package caption Info: beamer document class detected.

(/mnt2/s/fred/texlive/2022/texmf-dist/tex/latex/caption/caption-beamer.sto
File: caption-beamer.sto 2022/01/06 v2.0c Adaption of the caption package to th
e beamer document classes (AR)
))
\c@caption@flags=\count362
\c@continuedfloat=\count363
Package caption Info: hyperref package is loaded.
Package caption Info: Hyperref support is turned off
(caption)             because hyperref has stopped early.
)
\c@KVtest=\count364
\sf@farskip=\skip71
\sf@captopadj=\dimen332
\sf@capskip=\skip72
\sf@nearskip=\skip73
\c@subfigure=\count365
\c@subfigure@save=\count366
\c@depth=\count367
\c@subtable=\count368
\c@subtable@save=\count369
\sf@top=\skip74
\sf@bottom=\skip75
)
(/mnt2/s/fred/texlive/2022/texmf-dist/tex/latex/float/float.sty
Package: float 2001/11/08 v1.3d Float enhancements (AL)
\c@float@type=\count370
\float@exts=\toks45
\float@box=\box78
\@float@everytoks=\toks46
\@floatcapt=\box79
)
Package caption Info: Option `figurename' requires the `newfloat' package on in
put line 39.

(/mnt2/s/fred/texlive/2022/texmf-dist/tex/latex/newfloat/newfloat.sty
Package: newfloat 2019/09/02 v1.1l Defining new floating environments (AR)
)
(/mnt2/s/fred/texlive/2022/texmf-dist/tex/latex/booktabs/booktabs.sty
Package: booktabs 2020/01/12 v1.61803398 Publication quality tables
\heavyrulewidth=\dimen333
\lightrulewidth=\dimen334
\cmidrulewidth=\dimen335
\belowrulesep=\dimen336
\belowbottomsep=\dimen337
\aboverulesep=\dimen338
\abovetopsep=\dimen339
\cmidrulesep=\dimen340
\cmidrulekern=\dimen341
\defaultaddspace=\dimen342
\@cmidla=\count371
\@cmidlb=\count372
\@aboverulesep=\dimen343
\@belowrulesep=\dimen344
\@thisruleclass=\count373
\@lastruleclass=\count374
\@thisrulewidth=\dimen345
)
(/mnt2/s/fred/texlive/2022/texmf-dist/tex/latex/tools/array.sty
Package: array 2021/10/04 v2.5f Tabular extension package (FMi)
\col@sep=\dimen346
\ar@mcellbox=\box80
\extrarowheight=\dimen347
\NC@list=\toks47
\extratabsurround=\skip76
\backup@length=\skip77
\ar@cellbox=\box81
)
(/mnt2/s/fred/texlive/2022/texmf-dist/tex/latex/graphics/rotating.sty
Package: rotating 2016/08/11 v2.16d rotated objects in LaTeX

(/mnt2/s/fred/texlive/2022/texmf-dist/tex/latex/base/ifthen.sty
Package: ifthen 2020/11/24 v1.1c Standard LaTeX ifthen package (DPC)
)
\c@r@tfl@t=\count375
\rotFPtop=\skip78
\rotFPbot=\skip79
\rot@float@box=\box82
\rot@mess@toks=\toks48
)
(/mnt2/s/fred/texlive/2022/texmf-dist/tex/latex/tools/tabularx.sty
Package: tabularx 2020/01/15 v2.11c `tabularx' package (DPC)
\TX@col@width=\dimen348
\TX@old@table=\dimen349
\TX@old@col=\dimen350
\TX@target=\dimen351
\TX@delta=\dimen352
\TX@cols=\count376
\TX@ftn=\toks49
)
(/mnt2/s/fred/texlive/2022/texmf-dist/tex/latex/textpos/textpos.sty
Package: textpos 2020/09/26 v1.10

Package: textpos 2020/09/26 1.10, absolute positioning of text on the page
Package textpos Info: choosing support for LaTeX3 on input line 61.
\TP@textbox=\box83
\TP@holdbox=\box84
\TPHorizModule=\dimen353
\TPVertModule=\dimen354
\TP@margin=\dimen355
\TP@absmargin=\dimen356
Grid set 16 x 16 = 28.45274pt x 16.00467pt
\TPboxrulesize=\dimen357
\TP@ox=\dimen358
\TP@oy=\dimen359
\TP@tbargs=\toks50
TextBlockOrigin set to 0pt x 0pt
)
Package hyperref Info: Option `colorlinks' set `true' on input line 72.
Package hyperref Info: Option `bookmarksnumbered' set `true' on input line 72.
 (/mnt2/s/fred/texlive/2022/texmf-dist/tex/latex/animate/animate.sty
Package: animate 2022/02/21 PDF & SVG animations from files and inline graphics


(/mnt2/s/fred/texlive/2022/texmf-dist/tex/latex/xkeyval/xkeyval.sty
Package: xkeyval 2020/11/20 v2.8 package option processing (HA)

(/mnt2/s/fred/texlive/2022/texmf-dist/tex/generic/xkeyval/xkeyval.tex
(/mnt2/s/fred/texlive/2022/texmf-dist/tex/generic/xkeyval/xkvutils.tex
\XKV@toks=\toks51
\XKV@tempa@toks=\toks52
)
\XKV@depth=\count377
File: xkeyval.tex 2014/12/03 v2.7a key=value parser (HA)
))
(/mnt2/s/fred/texlive/2022/texmf-dist/tex/latex/oberdiek/ifdraft.sty
Package: ifdraft 2016/05/16 v1.4 Detect class options draft and final (HO)
)
(/mnt2/s/fred/texlive/2022/texmf-dist/tex/latex/tools/calc.sty
Package: calc 2017/05/25 v4.3 Infix arithmetic (KKT,FJ)
\calc@Acount=\count378
\calc@Bcount=\count379
\calc@Adimen=\dimen360
\calc@Bdimen=\dimen361
\calc@Askip=\skip80
\calc@Bskip=\skip81
LaTeX Info: Redefining \setlength on input line 80.
LaTeX Info: Redefining \addtolength on input line 81.
\calc@Ccount=\count380
\calc@Cskip=\skip82
)
(/mnt2/s/fred/texlive/2022/texmf-dist/tex/latex/zref/zref-abspage.sty
Package: zref-abspage 2020-07-03 v2.32 Module abspage for zref (HO)

(/mnt2/s/fred/texlive/2022/texmf-dist/tex/latex/zref/zref-base.sty
Package: zref-base 2020-07-03 v2.32 Module base for zref (HO)
Package zref Info: New property list: main on input line 764.
Package zref Info: New property: default on input line 765.
Package zref Info: New property: page on input line 766.
)
\c@abspage=\count381
Package zref Info: New property: abspage on input line 66.
)
(/mnt2/s/fred/texlive/2022/texmf-dist/tex/latex/media9/pdfbase.sty
Package: pdfbase 2022/03/18 v0.54 driver independent access to low-level PDF fe
atures
\g_pbs_page_int=\count382
\g_pbs_obj_int=\count383
\g_pbs_oc_int=\count384
)
(/mnt2/s/fred/texlive/2022/texmf-dist/tex/latex/ocgx2/ocgbase.sty
Package: ocgbase 2021/06/11 v0.20 support package for ocgx2.sty
\g_ocgbase_nd_int=\count385
)
\@anim@box=\box85
\@anim@measbox=\box86
\@anim@tmpdima=\dimen362
\@anim@tmpdimb=\dimen363
\@anim@num=\count386
\@anim@curframe=\count387
\@anim@curframe@zb=\count388
\@anim@resizeflags=\count389
\@anim@skipfram=\count390
\@anim@mulframecnt=\count391
\@anim@@tmlnfile=\read3
\@anim@tmpcnt=\count392
\c@@anim@ltxcnt=\count393
\@anim@curlayer=\count394
\@anim@lineno=\count395
\@anim@curfield=\count396
\@anim@@resizeflags=\count397
)
(/mnt2/s/fred/texlive/2022/texmf-dist/tex/latex/pgf/frontendlayer/tikz.sty
(/mnt2/s/fred/texlive/2022/texmf-dist/tex/latex/pgf/basiclayer/pgf.sty
Package: pgf 2021/05/15 v3.1.9a (3.1.9a)

(/mnt2/s/fred/texlive/2022/texmf-dist/tex/generic/pgf/modules/pgfmoduleshapes.c
ode.tex
File: pgfmoduleshapes.code.tex 2021/05/15 v3.1.9a (3.1.9a)
\pgfnodeparttextbox=\box87
)
(/mnt2/s/fred/texlive/2022/texmf-dist/tex/generic/pgf/modules/pgfmoduleplot.cod
e.tex
File: pgfmoduleplot.code.tex 2021/05/15 v3.1.9a (3.1.9a)
)
(/mnt2/s/fred/texlive/2022/texmf-dist/tex/latex/pgf/compatibility/pgfcomp-versi
on-0-65.sty
Package: pgfcomp-version-0-65 2021/05/15 v3.1.9a (3.1.9a)
\pgf@nodesepstart=\dimen364
\pgf@nodesepend=\dimen365
)
(/mnt2/s/fred/texlive/2022/texmf-dist/tex/latex/pgf/compatibility/pgfcomp-versi
on-1-18.sty
Package: pgfcomp-version-1-18 2021/05/15 v3.1.9a (3.1.9a)
))
(/mnt2/s/fred/texlive/2022/texmf-dist/tex/latex/pgf/utilities/pgffor.sty
(/mnt2/s/fred/texlive/2022/texmf-dist/tex/generic/pgf/utilities/pgffor.code.tex
Package: pgffor 2021/05/15 v3.1.9a (3.1.9a)
(/mnt2/s/fred/texlive/2022/texmf-dist/tex/generic/pgf/math/pgfmath.code.tex)
\pgffor@iter=\dimen366
\pgffor@skip=\dimen367
\pgffor@stack=\toks53
\pgffor@toks=\toks54
))
(/mnt2/s/fred/texlive/2022/texmf-dist/tex/generic/pgf/frontendlayer/tikz/tikz.c
ode.tex
Package: tikz 2021/05/15 v3.1.9a (3.1.9a)

(/mnt2/s/fred/texlive/2022/texmf-dist/tex/generic/pgf/libraries/pgflibraryploth
andlers.code.tex
File: pgflibraryplothandlers.code.tex 2021/05/15 v3.1.9a (3.1.9a)
\pgf@plot@mark@count=\count398
\pgfplotmarksize=\dimen368
)
\tikz@lastx=\dimen369
\tikz@lasty=\dimen370
\tikz@lastxsaved=\dimen371
\tikz@lastysaved=\dimen372
\tikz@lastmovetox=\dimen373
\tikz@lastmovetoy=\dimen374
\tikzleveldistance=\dimen375
\tikzsiblingdistance=\dimen376
\tikz@figbox=\box88
\tikz@figbox@bg=\box89
\tikz@tempbox=\box90
\tikz@tempbox@bg=\box91
\tikztreelevel=\count399
\tikznumberofchildren=\count400
\tikznumberofcurrentchild=\count401
\tikz@fig@count=\count402

(/mnt2/s/fred/texlive/2022/texmf-dist/tex/generic/pgf/modules/pgfmodulematrix.c
ode.tex
File: pgfmodulematrix.code.tex 2021/05/15 v3.1.9a (3.1.9a)
\pgfmatrixcurrentrow=\count403
\pgfmatrixcurrentcolumn=\count404
\pgf@matrix@numberofcolumns=\count405
)
\tikz@expandcount=\count406

(/mnt2/s/fred/texlive/2022/texmf-dist/tex/generic/pgf/frontendlayer/tikz/librar
ies/tikzlibrarytopaths.code.tex
File: tikzlibrarytopaths.code.tex 2021/05/15 v3.1.9a (3.1.9a)
)))
(/mnt2/s/fred/texlive/2022/texmf-dist/tex/generic/pgf/frontendlayer/tikz/librar
ies/tikzlibrarypositioning.code.tex
File: tikzlibrarypositioning.code.tex 2021/05/15 v3.1.9a (3.1.9a)
)
(/mnt2/s/fred/texlive/2022/texmf-dist/tex/generic/pgf/frontendlayer/tikz/librar
ies/tikzlibrarysnakes.code.tex
File: tikzlibrarysnakes.code.tex 2021/05/15 v3.1.9a (3.1.9a)


Package pgf Warning: Snakes have been superseded by decorations. Please use the
 decoration libraries instead of the snakes library on input line 14.


(/mnt2/s/fred/texlive/2022/texmf-dist/tex/generic/pgf/frontendlayer/tikz/librar
ies/tikzlibrarydecorations.pathmorphing.code.tex
(/mnt2/s/fred/texlive/2022/texmf-dist/tex/generic/pgf/frontendlayer/tikz/librar
ies/tikzlibrarydecorations.code.tex
(/mnt2/s/fred/texlive/2022/texmf-dist/tex/generic/pgf/modules/pgfmoduledecorati
ons.code.tex
\pgfdecoratedcompleteddistance=\dimen377
\pgfdecoratedremainingdistance=\dimen378
\pgfdecoratedinputsegmentcompleteddistance=\dimen379
\pgfdecoratedinputsegmentremainingdistance=\dimen380
\pgf@decorate@distancetomove=\dimen381
\pgf@decorate@repeatstate=\count407
\pgfdecorationsegmentamplitude=\dimen382
\pgfdecorationsegmentlength=\dimen383
)
\tikz@lib@dec@box=\box92
)
(/mnt2/s/fred/texlive/2022/texmf-dist/tex/generic/pgf/libraries/decorations/pgf
librarydecorations.pathmorphing.code.tex))
(/mnt2/s/fred/texlive/2022/texmf-dist/tex/generic/pgf/frontendlayer/tikz/librar
ies/tikzlibrarydecorations.pathreplacing.code.tex
(/mnt2/s/fred/texlive/2022/texmf-dist/tex/generic/pgf/libraries/decorations/pgf
librarydecorations.pathreplacing.code.tex))
(/mnt2/s/fred/texlive/2022/texmf-dist/tex/generic/pgf/frontendlayer/tikz/librar
ies/tikzlibrarydecorations.shapes.code.tex
(/mnt2/s/fred/texlive/2022/texmf-dist/tex/generic/pgf/libraries/decorations/pgf
librarydecorations.shapes.code.tex))))

Package hyperref Warning: Token not allowed in a PDF string (Unicode):
(hyperref)                removing `\Tiny' on input line 5.


Package xeCJK Warning: Undefined CJK default family `\CJKsfdefault' has been
(xeCJK)                replaced by `\CJKrmdefault'.
(xeCJK)                
(xeCJK)                Try to use `\setCJKsansfont[...]{...}' to define it.

(./senmon_kamoku.aux)
\openout1 = `senmon_kamoku.aux'.

LaTeX Font Info:    Checking defaults for OML/cmm/m/it on input line 5.
LaTeX Font Info:    ... okay on input line 5.
LaTeX Font Info:    Checking defaults for OMS/cmsy/m/n on input line 5.
LaTeX Font Info:    ... okay on input line 5.
LaTeX Font Info:    Checking defaults for OT1/cmr/m/n on input line 5.
LaTeX Font Info:    ... okay on input line 5.
LaTeX Font Info:    Checking defaults for T1/cmr/m/n on input line 5.
LaTeX Font Info:    ... okay on input line 5.
LaTeX Font Info:    Checking defaults for TS1/cmr/m/n on input line 5.
LaTeX Font Info:    Trying to load font information for TS1+cmr on input line 5
.

(/mnt2/s/fred/texlive/2022/texmf-dist/tex/latex/base/ts1cmr.fd
File: ts1cmr.fd 2019/12/16 v2.5j Standard LaTeX font definitions
)
LaTeX Font Info:    ... okay on input line 5.
LaTeX Font Info:    Checking defaults for TU/lmr/m/n on input line 5.
LaTeX Font Info:    ... okay on input line 5.
LaTeX Font Info:    Checking defaults for OMX/cmex/m/n on input line 5.
LaTeX Font Info:    ... okay on input line 5.
LaTeX Font Info:    Checking defaults for U/cmr/m/n on input line 5.
LaTeX Font Info:    ... okay on input line 5.
LaTeX Font Info:    Checking defaults for PD1/pdf/m/n on input line 5.
LaTeX Font Info:    ... okay on input line 5.
LaTeX Font Info:    Checking defaults for PU/pdf/m/n on input line 5.
LaTeX Font Info:    ... okay on input line 5.

*geometry* driver: auto-detecting
*geometry* detected driver: xetex
*geometry* verbose mode - [ preamble ] result:
* driver: xetex
* paper: custom
* layout: <same size as paper>
* layoutoffset:(h,v)=(0.0pt,0.0pt)
* modes: includehead includefoot 
* h-part:(L,W,R)=(28.45274pt, 398.3386pt, 28.45274pt)
* v-part:(T,H,B)=(0.0pt, 256.0748pt, 0.0pt)
* \paperwidth=455.24408pt
* \paperheight=256.0748pt
* \textwidth=398.3386pt
* \textheight=227.62207pt
* \oddsidemargin=-43.81725pt
* \evensidemargin=-43.81725pt
* \topmargin=-72.26999pt
* \headheight=14.22636pt
* \headsep=0.0pt
* \topskip=10.0pt
* \footskip=14.22636pt
* \marginparwidth=3.0pt
* \marginparsep=11.0pt
* \columnsep=10.0pt
* \skip\footins=9.0pt plus 4.0pt minus 2.0pt
* \hoffset=0.0pt
* \voffset=0.0pt
* \mag=1000
* \@twocolumnfalse
* \@twosidefalse
* \@mparswitchfalse
* \@reversemarginfalse
* (1in=72.27pt=25.4mm, 1cm=28.453pt)

Package hyperref Info: Link coloring ON on input line 5.
(/mnt2/s/fred/texlive/2022/texmf-dist/tex/latex/hyperref/nameref.sty
Package: nameref 2021-04-02 v2.47 Cross-referencing by name of section

(/mnt2/s/fred/texlive/2022/texmf-dist/tex/latex/refcount/refcount.sty
Package: refcount 2019/12/15 v3.6 Data extraction from label references (HO)
)
(/mnt2/s/fred/texlive/2022/texmf-dist/tex/generic/gettitlestring/gettitlestring
.sty
Package: gettitlestring 2019/12/15 v1.6 Cleanup title references (HO)
)
\c@section@level=\count408
)
LaTeX Info: Redefining \ref on input line 5.
LaTeX Info: Redefining \pageref on input line 5.
LaTeX Info: Redefining \nameref on input line 5.
 (./senmon_kamoku.out) (./senmon_kamoku.out)
\@outlinefile=\write5
\openout5 = `senmon_kamoku.out'.


(/mnt2/s/fred/texlive/2022/texmf-dist/tex/latex/translator/translator-basic-dic
tionary-English.dict
Dictionary: translator-basic-dictionary, Language: English 
)
(/mnt2/s/fred/texlive/2022/texmf-dist/tex/latex/translator/translator-bibliogra
phy-dictionary-English.dict
Dictionary: translator-bibliography-dictionary, Language: English 
)
(/mnt2/s/fred/texlive/2022/texmf-dist/tex/latex/translator/translator-environme
nt-dictionary-English.dict
Dictionary: translator-environment-dictionary, Language: English 
)
(/mnt2/s/fred/texlive/2022/texmf-dist/tex/latex/translator/translator-months-di
ctionary-English.dict
Dictionary: translator-months-dictionary, Language: English 
)
(/mnt2/s/fred/texlive/2022/texmf-dist/tex/latex/translator/translator-numbers-d
ictionary-English.dict
Dictionary: translator-numbers-dictionary, Language: English 
)
(/mnt2/s/fred/texlive/2022/texmf-dist/tex/latex/translator/translator-theorem-d
ictionary-English.dict
Dictionary: translator-theorem-dictionary, Language: English 
)

Package fontspec Info: Adjusting the maths setup (use [no-math] to avoid
(fontspec)             this).

\symlegacymaths=\mathgroup6
LaTeX Font Info:    Overwriting symbol font `legacymaths' in version `bold'
(Font)                  OT1/cmr/m/n --> OT1/cmr/bx/n on input line 5.
LaTeX Font Info:    Redeclaring math accent \acute on input line 5.
LaTeX Font Info:    Redeclaring math accent \grave on input line 5.
LaTeX Font Info:    Redeclaring math accent \ddot on input line 5.
LaTeX Font Info:    Redeclaring math accent \tilde on input line 5.
LaTeX Font Info:    Redeclaring math accent \bar on input line 5.
LaTeX Font Info:    Redeclaring math accent \breve on input line 5.
LaTeX Font Info:    Redeclaring math accent \check on input line 5.
LaTeX Font Info:    Redeclaring math accent \hat on input line 5.
LaTeX Font Info:    Redeclaring math accent \dot on input line 5.
LaTeX Font Info:    Redeclaring math accent \mathring on input line 5.
LaTeX Font Info:    Redeclaring math symbol \Gamma on input line 5.
LaTeX Font Info:    Redeclaring math symbol \Delta on input line 5.
LaTeX Font Info:    Redeclaring math symbol \Theta on input line 5.
LaTeX Font Info:    Redeclaring math symbol \Lambda on input line 5.
LaTeX Font Info:    Redeclaring math symbol \Xi on input line 5.
LaTeX Font Info:    Redeclaring math symbol \Pi on input line 5.
LaTeX Font Info:    Redeclaring math symbol \Sigma on input line 5.
LaTeX Font Info:    Redeclaring math symbol \Upsilon on input line 5.
LaTeX Font Info:    Redeclaring math symbol \Phi on input line 5.
LaTeX Font Info:    Redeclaring math symbol \Psi on input line 5.
LaTeX Font Info:    Redeclaring math symbol \Omega on input line 5.
LaTeX Font Info:    Redeclaring math symbol \mathdollar on input line 5.
LaTeX Font Info:    Redeclaring symbol font `operators' on input line 5.
LaTeX Font Info:    Encoding `OT1' has changed to `TU' for symbol font
(Font)              `operators' in the math version `normal' on input line 5.
LaTeX Font Info:    Overwriting symbol font `operators' in version `normal'
(Font)                  OT1/cmr/m/n --> TU/lmr/m/n on input line 5.
LaTeX Font Info:    Encoding `OT1' has changed to `TU' for symbol font
(Font)              `operators' in the math version `bold' on input line 5.
LaTeX Font Info:    Overwriting symbol font `operators' in version `bold'
(Font)                  OT1/cmr/bx/n --> TU/lmr/m/n on input line 5.
LaTeX Font Info:    Overwriting symbol font `operators' in version `normal'
(Font)                  TU/lmr/m/n --> TU/lmr/m/n on input line 5.
LaTeX Font Info:    Overwriting math alphabet `\mathit' in version `normal'
(Font)                  OT1/cmr/m/it --> TU/lmr/m/it on input line 5.
LaTeX Font Info:    Overwriting math alphabet `\mathbf' in version `normal'
(Font)                  OT1/cmr/bx/n --> TU/lmr/b/n on input line 5.
LaTeX Font Info:    Overwriting math alphabet `\mathsf' in version `normal'
(Font)                  OT1/cmss/m/n --> TU/lmss/m/n on input line 5.
LaTeX Font Info:    Overwriting math alphabet `\mathtt' in version `normal'
(Font)                  OT1/cmtt/m/n --> TU/lmtt/m/n on input line 5.
LaTeX Font Info:    Overwriting symbol font `operators' in version `bold'
(Font)                  TU/lmr/m/n --> TU/lmr/b/n on input line 5.
LaTeX Font Info:    Overwriting math alphabet `\mathit' in version `bold'
(Font)                  OT1/cmr/bx/it --> TU/lmr/b/it on input line 5.
LaTeX Font Info:    Overwriting math alphabet `\mathsf' in version `bold'
(Font)                  OT1/cmss/bx/n --> TU/lmss/b/n on input line 5.
LaTeX Font Info:    Overwriting math alphabet `\mathtt' in version `bold'
(Font)                  OT1/cmtt/m/n --> TU/lmtt/b/n on input line 5.
LaTeX Info: Redefining \celsius on input line 5.
Package gensymb Info: Faking symbols for \degree and \celsius on input line 5.


Package gensymb Warning: Not defining \perthousand.

LaTeX Info: Redefining \ohm on input line 5.
Package gensymb Info: Using \Omega for \ohm on input line 5.

Package gensymb Warning: Not defining \micro.

Package caption Info: Begin \AtBeginDocument code.
Package caption Info: subfig package v1.3 is loaded.
Package caption Info: float package is loaded.
Package caption Info: rotating package is loaded.
Package caption Info: End \AtBeginDocument code.
Package newfloat Info: `float' package detected.
Package newfloat Info: `rotating' package detected.
(./senmon_kamoku.nav) [1

] (./forefront.tex
LaTeX Font Info:    Trying to load font information for U+msa on input line 53.


(/mnt2/s/fred/texlive/2022/texmf-dist/tex/latex/amsfonts/umsa.fd
File: umsa.fd 2013/01/14 v3.01 AMS symbols A
)
LaTeX Font Info:    Trying to load font information for U+msb on input line 53.


(/mnt2/s/fred/texlive/2022/texmf-dist/tex/latex/amsfonts/umsb.fd
File: umsb.fd 2013/01/14 v3.01 AMS symbols B
) [2

])
(./kamoku.tex
File: images/Color-online-Schematic-representation-of-the-dominant-physical-mec
hanisms-behind.png Graphic file (type bmp)
<images/Color-online-Schematic-representation-of-the-dominant-physical-mechanis
ms-behind.png>


LaTeX Font Warning: Command \footnotesize invalid in math mode on input line 84
.


LaTeX Font Warning: Command \footnotesize invalid in math mode on input line 84
.


Overfull \hbox (27.69548pt too wide) detected at line 84
[]
 []


LaTeX Font Warning: Command \footnotesize invalid in math mode on input line 84
.


LaTeX Font Warning: Command \footnotesize invalid in math mode on input line 84
.


Overfull \hbox (18.90591pt too wide) detected at line 84
[]
 []

[3

]

LaTeX Font Warning: Command \footnotesize invalid in math mode on input line 13
7.


LaTeX Font Warning: Command \footnotesize invalid in math mode on input line 13
7.

LaTeX Font Info:    Font shape `TU/lmss/m/it' in size <8> not available
(Font)              Font shape `TU/lmss/m/sl' tried instead on input line 137.
[4

] [5

]
File: images/medium1.png Graphic file (type bmp)
<images/medium1.png>

Overfull \hbox (50.56366pt too wide) in paragraph at lines 221--221
[][]  
 []

[6

]
File: images/medium2.png Graphic file (type bmp)
<images/medium2.png>

Overfull \hbox (50.56366pt too wide) in paragraph at lines 266--266
[][]  
 []

[7

]
File: images/medium3.png Graphic file (type bmp)
<images/medium3.png>

Overfull \hbox (50.56366pt too wide) in paragraph at lines 370--370
[][]  
 []

[8

] [9

]
File: images/medium4.png Graphic file (type bmp)
<images/medium4.png>

Overfull \hbox (50.56366pt too wide) in paragraph at lines 473--473
[][]  
 []

[10

] [11

])
\tf@nav=\write6
\openout6 = `senmon_kamoku.nav'.

\tf@toc=\write7
\openout7 = `senmon_kamoku.toc'.

\tf@snm=\write8
\openout8 = `senmon_kamoku.snm'.

 (./senmon_kamoku.aux)
Package rerunfilecheck Info: File `senmon_kamoku.out' has not changed.
(rerunfilecheck)             Checksum: B7495D864EA1523F8A3BE6D3A77FEC8C;194.
 ) 
Here is how much of TeX's memory you used:
 32896 strings out of 476179
 724595 string characters out of 5808663
 1045172 words of memory out of 5000000
 52923 multiletter control sequences out of 15000+600000
 480455 words of font info for 100 fonts, out of 8000000 for 9000
 1348 hyphenation exceptions out of 8191
 128i,21n,122p,426b,654s stack positions out of 10000i,1000n,20000p,200000b,200000s

Output written on senmon_kamoku.pdf (11 pages).
