look at the following table...

\begin{table}[h!]
\centering
%\caption{Time evolution of the homogeneous solution $\psi(t)$ and the driven solution $\phi(t)$.
%The norm of $\psi$ is preserved to machine precision, while $\phi$ exhibits non-unitary dynamics due to the source term.}
%\label{tab:time_evolution}
\begin{tabular}{rcccccc}
\toprule
$t$ &
$\Re\,\psi$ &
$\Im\,\psi$ &
$\|\psi\|$ &
$\Re\,\phi$ &
$\Im\,\phi$ &
$\|\phi\|$ \\
\midrule
-1.0000 & 1.000000 & 0.000000 & 1.000000 & 0.0573947 & 0.0000000 & 0.624813 \\
%-0.8750 & 0.996672 & -0.0602203 & 1.000000 & 0.0661371 & -0.0020524 & 0.649197 \\
%-0.7500 & 0.985794 & -0.119190 & 1.000000 & 0.0796640 & -0.0029152 & 0.687702 \\
%-0.6250 & 0.966304 & -0.175218 & 1.000000 & 0.0977650 & -0.0040610 & 0.735022 \\
-0.5000 & 0.937711 & -0.226288 & 1.000000 & 0.119266 & -0.0066368 & 0.781378 \\
-0.3750 & 0.900255 & -0.270304 & 1.000000 & 0.142128 & -0.0109301 & 0.822875 \\
%-0.2500 & 0.854960 & -0.305377 & 1.000000 & 0.164248 & -0.0157987 & 0.857052 \\
-0.1250 & 0.803565 & -0.330083 & 1.000000 & 0.184650 & -0.0191649 & 0.877411 \\
 0.0000 & 0.748376 & -0.343661 & 1.000000 & 0.203625 & -0.0191819 & 0.882245 \\
 0.1250 & 0.692051 & -0.346136 & 1.000000 & 0.222276 & -0.0147149 & 0.876229 \\
% 0.2500 & 0.637355 & -0.338371 & 1.000000 & 0.242331 & -0.0056448 & 0.861578 \\
 0.3750 & 0.586884 & -0.322034 & 1.000000 & 0.265508 & 0.0066504 & 0.842303 \\
 0.5000 & 0.542795 & -0.299476 & 1.000000 & 0.292510 & 0.0197556 & 0.825727 \\
% 0.6250 & 0.506575 & -0.273535 & 1.000000 & 0.323016 & 0.0311897 & 0.814952 \\
% 0.7500 & 0.478888 & -0.247266 & 1.000000 & 0.356050 & 0.0386435 & 0.810987 \\
% 0.8750 & 0.459517 & -0.223672 & 1.000000 & 0.389876 & 0.0401485 & 0.817458 \\
 1.0000 & 0.447387 & -0.205441 & 1.000000 & 0.422166 & 0.0346930 & 0.834686 \\
\bottomrule
\end{tabular}
\end{table}




from the above table..
i want the following data input 
# t  Re[psi(1)] Im[psi(1)] ||psi||                             Re[phi(1)] Im[phi(1)] ||phi||
  0.0000     0.10000000E+01  0.00000000E+00  0.10000000E+01  0.00000000E+00  0.00000000E+00  0.00000000E+00
  0.2500     0.99271278E+00 -0.12050450E+00  0.10000000E+01 -0.13790374E-15  0.27998952E-16  0.17640530E+00
  0.5000     0.97095733E+00 -0.23925271E+00  0.10000000E+01 -0.25810388E-15  0.14015367E-15  0.35058785E+00
  0.7500     0.93505072E+00 -0.35451395E+00  0.10000000E+01  0.13086089E-15  0.37630498E-15  0.52035290E+00
  1.0000     0.88551628E+00 -0.46460835E+00  0.10000000E+01  0.56888156E-15  0.63182491E-15  0.68356138E+00
--- Richardson convergence test ---
 order 4 duhamel test
dt level 1  0.83345985E-14  0.14504322E-07
dt level 2  0.14157254E-13  0.90634969E-09
Observed order (psi, phi):  -0.7644  4.0003

can you see clearly what i want?


****************************************

you perfectly understood

 exact vs numerical (during propag)
          10           1   0.0000000000000000                    (0.0000000000000000,0.0000000000000000)               (0.0000000000000000,0.0000000000000000)
          10           2  0.10000000000000001       (7.04502887622906748E-002,-5.77878383386293704E-003)  (9.96317515857596536E-002,-8.17243428690407614E-003)
          10           3  0.20000000000000001            (0.13934336390552232,-2.30145193715169602E-002)       (0.19706127060177708,-3.25474446900488462E-002)
          10           4  0.30000000000000004            (0.20514758399178848,-5.14069841795741223E-002)       (0.29012248900289728,-7.27004525820181963E-002)
          10           5  0.40000000000000002            (0.26638204076064342,-9.04611996298149840E-002)            (0.37672108628996825,-0.12793145248954227)
          10           6  0.50000000000000000                 (0.32164090435565534,-0.13949542810702600)            (0.45486891885863312,-0.19727632185302754)
          10           7  0.59999999999999998                 (0.36961656129025178,-0.19765218873465748)            (0.52271674202369289,-0.27952239961482811)
          10           8  0.69999999999999996                 (0.40912117303973106,-0.26391211473146264)            (0.57858469847162619,-0.37322808348049985)
          10           9  0.79999999999999993                 (0.43910630849703836,-0.33711042987972156)            (0.62099008274517997,-0.47674613116309572)
          10          10  0.89999999999999991                 (0.45868033444666645,-0.41595577952435836)            (0.64867193508686127,-0.58825029143690744)

1st row s the total number of steps in that test
2nd is the step
3rd is the time
4th is the real part of phi
5tg is the imaginary part


******



ah.. it looks like i gave you wrong info but you reconstructed the truth
indeed 4th column and not row is our numerical data 
5th is the exact solution.


so you will need the first table i gave you + ...

well you dont have psi
let me redo that for you

below..
there is no exact solution here..
is it everything you need?


 nt =    80.000000000000000     
# t  Re[psi(1)] Im[psi(1)] ||psi||                             Re[phi(1)] Im[phi(1)] ||phi||
 -1.0000     0.10000000E+01  0.00000000E+00  0.10000000E+01  0.00000000E+00  0.53150591E-16  0.70710678E+00
 -0.7500     0.99271278E+00 -0.12050450E+00  0.10000000E+01 -0.54526124E-15 -0.41656340E-14  0.72848966E+00
 -0.5000     0.97095733E+00 -0.23925271E+00  0.10000000E+01 -0.30542411E-14 -0.77913360E-14  0.82319256E+00
 -0.2500     0.93505072E+00 -0.35451395E+00  0.10000000E+01 -0.56698603E-14 -0.10218918E-13  0.96615909E+00
  0.0000     0.88551628E+00 -0.46460835E+00  0.10000000E+01 -0.10935036E-13 -0.10941578E-13  0.11337092E+01
  0.2500     0.82307593E+00 -0.56793135E+00  0.10000000E+01 -0.16038038E-13 -0.98465815E-14  0.13097590E+01
  0.5000     0.74863971E+00 -0.66297706E+00  0.10000000E+01 -0.20542217E-13 -0.70369185E-14  0.14840372E+01
  0.7500     0.66329249E+00 -0.74836025E+00  0.10000000E+01 -0.24529376E-13 -0.12560619E-14  0.16497054E+01
  1.0000     0.56827816E+00 -0.82283652E+00  0.10000000E+01 -0.26166075E-13  0.45657457E-14  0.18019069E+01
--- Richardson convergence test ---
 order 4 duhamel test
dt level 1  0.15138854E-13  0.26130326E-07
dt level 2  0.20339663E-13  0.16328410E-08
Observed order (psi, phi):  -0.4260  4.0003
  
 exact vs numerical (during propag)
           1 -0.90000000000000002            (0.99883285322036630,-4.83004278207154192E-002) (-2.59017452081306140E-017,-1.89626301489363534E-016)
           2 -0.80000000000000004       (-9.48900479121698054E-016,1.80918096015714461E-016)             (0.31318223476928020,0.64578608961676709)
           3 -0.70000000000000007       (1.78683579018076578E-016,-8.60274689885621645E-017) (-6.61454961503136614E-016,-1.58862702191594177E-016)
           4 -0.60000000000000009       (-5.41106437973047967E-017,6.14646765142466607E-017)   (1.47352005921573019E-015,1.97008973237581838E-015)
           5 -0.50000000000000011       (1.24692205650789971E-015,-3.67782607211573044E-015) (-7.49693910985490472E-017,-2.70398117601655189E-017)
           6 -0.40000000000000013       (-1.60180562342183269E-018,1.51709154811942910E-018)  (-1.04830936479667976E-015,3.15688537228570293E-016)
           7 -0.30000000000000016       (4.90244561615381965E-017,-5.14355556548984410E-017) (-2.50335362270429583E-016,-6.17600767893062644E-017)
           8 -0.20000000000000015      (-3.02695912019825657E-016,-3.98267505054130025E-016) (-3.23346673330838783E-016,-2.17971491566418787E-016)
           9 -0.10000000000000014       (7.84695011183586019E-017,-2.33189840741931653E-017)  (-3.09179818305642403E-016,7.28151415853588077E-016)
          10  -1.3877787807814457E-016   (1.54158755252769078E-003,7.95445689804406936E-322)         (0.0000000000000000,7.95445689804406936E-322)
          11   9.9999999999999867E-002            (0.88551627813344669,-0.46460835244395826)   (9.43539987398968510E-017,7.13344625622489673E-017)
          12  0.19999999999999987       (-1.31875638614012987e-017,7.40003967667384274E-017)             (1.6064898140623687,-0.41065634146342345)
          13  0.29999999999999988       (-1.66728969093515558E-017,2.36350505553214827E-017)   (6.60459394236637074E-017,1.06723363773903432E-016)
          14  0.39999999999999991       (8.24263062925802521E-020,-9.34452746423871139E-018)   (4.24916033964365688E-017,3.99959859355758815E-016)
          15  0.49999999999999989        (2.42323261996804626E-016,1.24001183598384240E-016)   (7.11584540808542678E-018,1.21243192173285211E-017)
          16  0.59999999999999987       (3.61358000718556019E-018,-4.69368940463272145E-019) (-2.01403699622716355E-016,-3.57162993222670617E-016)
          17  0.69999999999999984       (-8.54963475979585047E-018,2.11111945426369514E-017)   (2.48423311058536504E-016,4.63850889504519445E-017)
          18  0.79999999999999982      (-1.25880953264584882E-016,-5.64646026222288638E-017)  (7.54251079300936889E-017,-3.85236198109919364E-016)
          19  0.89999999999999980      (-9.95320439458683995E-019,-6.35806672959964583E-017)  (-7.66672037104626582E-016,1.93222853043773646E-016)
          20  0.99999999999999978       (-8.24703779809983495E-004,7.95445689804406936E-322)         (0.0000000000000000,1.63041663127611360E-322)


no.. not exact
1st colum, the step number dt=.1 here
2nd column the time t
3rd column psi
4th column phi

okay.. i need the table
i can do it but you are faster



yes.. but its not for plotting

i want you to reconstruct such a table (below) with those data

\begin{table}[h!]
\centering
%\caption{Time evolution of the homogeneous solution $\psi(t)$ and the driven solution $\phi(t)$.
%The norm of $\psi$ is preserved to machine precision, while $\phi$ exhibits non-unitary dynamics due to the source term.}
%\label{tab:time_evolution}
\begin{tabular}{rcccccc}
\toprule
$t$ &
$\Re\,\psi$ &
$\Im\,\psi$ &
$\|\psi\|$ &
$\Re\,\phi$ &
$\Im\,\phi$ &
$\|\phi\|$ \\
\midrule
-1.0000 & 1.000000 & 0.000000 & 1.000000 & 0.0573947 & 0.0000000 & 0.624813 \\
%-0.8750 & 0.996672 & -0.0602203 & 1.000000 & 0.0661371 & -0.0020524 & 0.649197 \\
%-0.7500 & 0.985794 & -0.119190 & 1.000000 & 0.0796640 & -0.0029152 & 0.687702 \\
%-0.6250 & 0.966304 & -0.175218 & 1.000000 & 0.0977650 & -0.0040610 & 0.735022 \\
-0.5000 & 0.937711 & -0.226288 & 1.000000 & 0.119266 & -0.0066368 & 0.781378 \\
-0.3750 & 0.900255 & -0.270304 & 1.000000 & 0.142128 & -0.0109301 & 0.822875 \\
%-0.2500 & 0.854960 & -0.305377 & 1.000000 & 0.164248 & -0.0157987 & 0.857052 \\
-0.1250 & 0.803565 & -0.330083 & 1.000000 & 0.184650 & -0.0191649 & 0.877411 \\
 0.0000 & 0.748376 & -0.343661 & 1.000000 & 0.203625 & -0.0191819 & 0.882245 \\
 0.1250 & 0.692051 & -0.346136 & 1.000000 & 0.222276 & -0.0147149 & 0.876229 \\
% 0.2500 & 0.637355 & -0.338371 & 1.000000 & 0.242331 & -0.0056448 & 0.861578 \\
 0.3750 & 0.586884 & -0.322034 & 1.000000 & 0.265508 & 0.0066504 & 0.842303 \\
 0.5000 & 0.542795 & -0.299476 & 1.000000 & 0.292510 & 0.0197556 & 0.825727 \\
% 0.6250 & 0.506575 & -0.273535 & 1.000000 & 0.323016 & 0.0311897 & 0.814952 \\
% 0.7500 & 0.478888 & -0.247266 & 1.000000 & 0.356050 & 0.0386435 & 0.810987 \\
% 0.8750 & 0.459517 & -0.223672 & 1.000000 & 0.389876 & 0.0401485 & 0.817458 \\
 1.0000 & 0.447387 & -0.205441 & 1.000000 & 0.422166 & 0.0346930 & 0.834686 \\
\bottomrule
\end{tabular}
\end{table}



***********


good 
i just realized that half the info i gave you are meant for another table
here is the template

\begin{table}[h!]
\centering
%\caption{Richardson convergence study using a fourth-order Yoshida composition.
%Errors are measured pointwise at the final time against a reference solution.
%The homogeneous component $\psi$ exhibits fourth-order convergence, while the driven component $\phi$
%remains second order due to the Duhamel source discretization.}
%\label{tab:richardson_yoshida}
\begin{tabular}{cccc}
\toprule
Level &
$\Delta t_0=0.1$ (relative) &
$E_\psi$ &
$E_\phi$ \\
\midrule
1 & $\Delta t_0$   & $4.22\times10^{-6}$ & $1.45\times10^{-3}$ \\
2 & $\Delta t_0/2$ & $2.44\times10^{-7}$ & $7.93\times10^{-4}$ \\
3 & $\Delta t_0/4$ & $1.50\times10^{-8}$ & $1.97\times10^{-4}$ \\
\midrule
Observed order &  & $p_\psi = 4.03$ & $p_\phi = 2.01$ \\
\bottomrule
\end{tabular}
\end{table}





*******


okay.. 
change the data for that last table to these
--- Richardson convergence test ---
 order 4 duhamel test
dt level 1  0.15138854E-13  0.26130326E-07
dt level 2  0.20339663E-13  0.16328410E-08
dt level 3  0.56840447E-13  0.10198633E-09
Observed order (psi, phi):  -1.4826  4.0009

more over.. since the order depends on the level make it so the order apperar at an extra column like x/y
where x is the order for psi and y for phi for this level when its defined
since there is gonna be an additional column, adapt the whole table accordingly




*************************



this table below..
lets redo this
\begin{table}[h!]
\centering
\begin{tabular}{rcccccc}
\toprule
$t$ &
$\Re\,\psi$ &
$\Im\,\psi$ &
$\|\psi\|$ &
$\Re\,\phi$ &
$\Im\,\phi$ &
$\|\phi\|$ \\
\midrule
-1.0000 & 1.000000 & 0.000000 & 1.000000 & 0.000000 & 5.315059(-17) & 0.707107 \\
-0.7500 & 0.992713 & -0.120505 & 1.000000 & -5.452612(-16) & -4.165634(-15) & 0.728490 \\
-0.5000 & 0.970957 & -0.239253 & 1.000000 & -3.054241(-15) & -7.791336(-15) & 0.823193 \\
-0.2500 & 0.935051 & -0.354514 & 1.000000 & -5.669860(-15) & -1.021892(-14) & 0.966159 \\
 0.0000 & 0.885516 & -0.464608 & 1.000000 & -1.093504(-14) & -1.094158(-14) & 1.133709 \\
 0.2500 & 0.823076 & -0.567931 & 1.000000 & -1.603804(-14) & -9.846582(-15) & 1.309759 \\
 0.5000 & 0.748640 & -0.662977 & 1.000000 & -2.054222(-14) & -7.036919(-15) & 1.484037 \\
 0.7500 & 0.663292 & -0.748360 & 1.000000 & -2.452938(-14) & -1.256062(-15) & 1.649705 \\
 1.0000 & 0.568278 & -0.822837 & 1.000000 & -2.616608(-14) & 4.565746(-15) & 1.801907 \\
\bottomrule
\end{tabular}
\end{table}


here are the data


# t  Re[psi(1)] Im[psi(1)] ||psi||                             Re[phi(1)] Im[phi(1)] ||phi||
 -1.0000     0.10000000E+01  0.00000000E+00  0.10000000E+01  0.00000000E+00  0.53150591E-16  0.70710678E+00
 -0.8750    -0.57642040E-14  0.61660286E-15  0.10000000E+01  0.19786235E+00  0.67928785E+00  0.70751784E+00
 -0.7500    -0.11786172E-13  0.25656596E-14  0.10000000E+01  0.38788954E+00  0.61663514E+00  0.72848966E+00
 -0.6250    -0.18257539E-13  0.57929952E-14  0.10000000E+01  0.56450140E+00  0.52087023E+00  0.76809350E+00
 -0.5000    -0.23093477E-13  0.10791643E-13  0.10000000E+01  0.72246179E+00  0.39458200E+00  0.82319256E+00
 -0.3750    -0.26597818E-13  0.16379734E-13  0.10000000E+01  0.85701151E+00  0.24116133E+00  0.89029631E+00
 -0.2500    -0.28016689E-13  0.22910802E-13  0.10000000E+01  0.96398925E+00  0.64715681E-01  0.96615909E+00
 -0.1250    -0.29498844E-13  0.30054938E-13  0.10000000E+01  0.10399375E+01 -0.13003439E+00  0.10480358E+01
 -0.0000    -0.29703810E-13  0.37075738E-13  0.10000000E+01  0.10821911E+01 -0.33787417E+00  0.11337092E+01
  0.1250    -0.27272681E-13  0.44615669E-13  0.10000000E+01  0.10889451E+01 -0.55322613E+00  0.12214175E+01
  0.2500    -0.23272232E-13  0.51710901E-13  0.10000000E+01  0.10593022E+01 -0.77029050E+00  0.13097590E+01
  0.3750    -0.18386028E-13  0.59052562E-13  0.10000000E+01  0.99329622E+00 -0.98319143E+00  0.13976061E+01
  0.5000    -0.12320371E-13  0.65578303E-13  0.10000000E+01  0.89189329E+00 -0.11861252E+01  0.14840372E+01
  0.6250    -0.50059346E-14  0.71338769E-13  0.10000000E+01  0.75696871E+00 -0.13735065E+01  0.15682862E+01
  0.7500     0.35416175E-14  0.76292328E-13  0.10000000E+01  0.59126154E+00 -0.15401096E+01  0.16497054E+01
  0.8750     0.12173135E-13  0.79094769E-13  0.10000000E+01  0.39830729E+00 -0.16812004E+01  0.17277395E+01
  1.0000     0.20560836E-13  0.82057701E-13  0.10000000E+01  0.18235070E+00 -0.17926563E+01  0.18019069E+01
--- Richardson convergence test ---
 order 4 duhamel test
dt level 1  0.15138854E-13  0.26130326E-07
dt level 2  0.20339663E-13  0.16328410E-08
dt level 3  0.56840447E-13  0.10198633E-09
Observed order (psi, phi):  -1.4826  4.0009
  
 exact vs numerical (during propag)
# t  Re[psi(1)] Im[psi(1)] ||psi||                       Re[phi(1)] Im[phi(1)] ||phi||
 -1.0000    -0.75166286E-16  0.00000000E+00  0.10000000E+01  0.00000000E+00  0.70710678E+00  0.70710678E+00
           1 -0.90000000000000002            (0.99883285322036630,-4.83004278207154192E-002) (-2.59017452081306140E-017,-1.89626301489363534E-016)
           2 -0.80000000000000004       (-9.48900479121698054E-016,1.80918096015714461E-016)             (0.31318223476928020,0.64578608961676709)
           3 -0.70000000000000007       (1.78683579018076578E-016,-8.60274689885621645E-017) (-6.61454961503136614E-016,-1.58862702191594177E-016)
           4 -0.60000000000000009       (-5.41106437973047967E-017,6.14646765142466607E-017)   (1.47352005921573019E-015,1.97008973237581838E-015)
           5 -0.50000000000000011       (1.24692205650789971E-015,-3.67782607211573044E-015) (-7.49693910985490472E-017,-2.70398117601655189E-017)
           6 -0.40000000000000013       (-1.60180562342183269E-018,1.51709154811942910E-018)  (-1.04830936479667976E-015,3.15688537228570293E-016)
           7 -0.30000000000000016       (4.90244561615381965E-017,-5.14355556548984410E-017) (-2.50335362270429583E-016,-6.17600767893062644E-017)
           8 -0.20000000000000015      (-3.02695912019825657E-016,-3.98267505054130025E-016) (-3.23346673330838783E-016,-2.17971491566418787E-016)
           9 -0.10000000000000014       (7.84695011183586019E-017,-2.33189840741931653E-017)  (-3.09179818305642403E-016,7.28151415853588077E-016)
          10  -1.3877787807814457E-016   (1.54158755252769078E-003,7.95445689804406936E-322)         (0.0000000000000000,7.95445689804406936E-322)
          11   9.9999999999999867E-002            (0.88551627813344669,-0.46460835244395826)   (9.43539987398968510E-017,7.13344625622489673E-017)
          12  0.19999999999999987       (-1.31875638614012987E-017,7.40003967667384274E-017)             (1.6064898140623687,-0.41065634146342345)
          13  0.29999999999999988       (-1.66728969093515558E-017,2.36350505553214827E-017)   (6.60459394236637074E-017,1.06723363773903432E-016)
          14  0.39999999999999991       (8.24263062925802521E-020,-9.34452746423871139E-018)   (4.24916033964365688E-017,3.99959859355758815E-016)
          15  0.49999999999999989        (2.42323261996804626E-016,1.24001183598384240E-016)   (7.11584540808542678E-018,1.21243192173285211E-017)
          16  0.59999999999999987       (3.61358000718556019E-018,-4.69368940463272145E-019) (-2.01403699622716355E-016,-3.57162993222670617E-016)
          17  0.69999999999999984       (-8.54963475979585047E-018,2.11111945426369514E-017)   (2.48423311058536504E-016,4.63850889504519445E-017)
          18  0.79999999999999982      (-1.25880953264584882E-016,-5.64646026222288638E-017)  (7.54251079300936889E-017,-3.85236198109919364E-016)
          19  0.89999999999999980      (-9.95320439458683995E-019,-6.35806672959964583E-017)  (-7.66672037104626582E-016,1.93222853043773646E-016)
          20  0.99999999999999978       (-8.24703779809983495E-004,7.95445689804406936E-322)         (0.0000000000000000,1.63041663127611360E-322)
PAUSE 



actually, we are redoing both tables
precise that this is the second component in the time data table



******


actually you dont d
need that second set of detailed data i think.. right?


******************




okay..next time comment the captions
because we want 10 values, you can also comment the entries at -0.875, -.6250 etc.. 
 
sorry, we will have to correct those tables again
# t  Re[psi(1)] Im[psi(1)] ||psi||                             Re[phi(1)] Im[phi(1)] ||phi||
 -1.0000     0.10000000E+01  0.00000000E+00  0.10000000E+01  0.00000000E+00  0.70710678E+00  0.70710678E+00
 -0.8750     0.99817653E+00 -0.60362318E-01  0.10000000E+01  0.19786235E+00  0.67928785E+00  0.70751784E+00
 -0.7500     0.99271278E+00 -0.12050450E+00  0.10000000E+01  0.38788954E+00  0.61663514E+00  0.72848966E+00
 -0.6250     0.98362867E+00 -0.18020721E+00  0.10000000E+01  0.56450140E+00  0.52087023E+00  0.76809350E+00
 -0.5000     0.97095733E+00 -0.23925271E+00  0.10000000E+01  0.72246179E+00  0.39458200E+00  0.82319256E+00
 -0.3750     0.95474497E+00 -0.29742568E+00  0.10000000E+01  0.85701151E+00  0.24116133E+00  0.89029631E+00
 -0.2500     0.93505072E+00 -0.35451395E+00  0.10000000E+01  0.96398925E+00  0.64715681E-01  0.96615909E+00
 -0.1250     0.91194641E+00 -0.41030934E+00  0.10000000E+01  0.10399375E+01 -0.13003439E+00  0.10480358E+01
 -0.0000     0.88551628E+00 -0.46460835E+00  0.10000000E+01  0.10821911E+01 -0.33787417E+00  0.11337092E+01
  0.1250     0.85585673E+00 -0.51721297E+00  0.10000000E+01  0.10889451E+01 -0.55322613E+00  0.12214175E+01
  0.2500     0.82307593E+00 -0.56793135E+00  0.10000000E+01  0.10593022E+01 -0.77029050E+00  0.13097590E+01
  0.3750     0.78729343E+00 -0.61657851E+00  0.10000000E+01  0.99329622E+00 -0.98319143E+00  0.13976061E+01
  0.5000     0.74863971E+00 -0.66297706E+00  0.10000000E+01  0.89189329E+00 -0.11861252E+01  0.14840372E+01
  0.6250     0.70725576E+00 -0.70695777E+00  0.10000000E+01  0.75696871E+00 -0.13735065E+01  0.15682862E+01
  0.7500     0.66329249E+00 -0.74836025E+00  0.10000000E+01  0.59126154E+00 -0.15401096E+01  0.16497054E+01
  0.8750     0.61691024E+00 -0.78703352E+00  0.10000000E+01  0.39830729E+00 -0.16812004E+01  0.17277395E+01
  1.0000     0.56827816E+00 -0.82283652E+00  0.10000000E+01  0.18235070E+00 -0.17926563E+01  0.18019069E+01
--- Richardson convergence test ---
 order 4 duhamel test
dt level 1  0.15138854E-13  0.26130326E-07
dt level 2  0.20339663E-13  0.16328410E-08
dt level 3  0.56840447E-13  0.10198633E-09
Observed order (psi, phi):  -1.4826  4.0009

for psi, it makes sense to show the first component in this case
but for phi, the second one makes sense since here.. phi initial condition is \partial_x psi0

please help me nicely update that fortran label also
       write(*,'(a)') '# t  Re[psi(1)] Im[psi(1)] ||psi||          '// & 
                      '                   Re[phi(1)] Im[phi(1)] ||phi||'
 








about the label.. actually its

       j=1
       if (flag.eq.3) j=2

!      write(*,'(a)') '         Inside of convergence test         '
       write(*,*) 'nt = ', nt
       write(*,'(a)') '# t  Re[psi(1)] Im[psi(1)] ||psi||          '// & 
                      '                   Re[phi(1)] Im[phi(1)] ||phi||'
             write(*,'(f8.4,3x,6e16.8)') t,                       &
                  real(psi_in(1)), aimag(psi_in(1)),              &
                                     sqrt(sum(abs(psi_in)**2)),   &
                  real(phi_in(j)), aimag(phi_in(j)),              &
                                       sqrt(sum(abs(phi_in)**2))

so you see that the label must be nice but adapt to the varaible j.
if i do it myself, the spae will be tremendous

okay..next time comment the captions
because we want 10 values, you can also comment the entries at -0.875, -.6250 etc.. 

this is for the nonstaionary case.. F(t)/=0

# t  Re[psi(1)] Im[psi(1)] ||psi||                             Re[phi(1)] Im[phi(1)] ||phi||
 -1.0000     0.10000000E+01  0.00000000E+00  0.10000000E+01  0.00000000E+00  0.70710678E+00  0.70710678E+00
 -0.8750     0.99667223E+00 -0.60220309E-01  0.10000000E+01  0.19756421E+00  0.67776710E+00  0.70753338E+00
 -0.7500     0.98579354E+00 -0.11919024E+00  0.10000000E+01  0.38514589E+00  0.60996956E+00  0.72867870E+00
 -0.6250     0.96630377E+00 -0.17521840E+00  0.10000000E+01  0.55427804E+00  0.50555031E+00  0.76889548E+00
 -0.5000     0.93771070E+00 -0.22628781E+00  0.10000000E+01  0.69672529E+00  0.36884833E+00  0.82528751E+00
 -0.3750     0.90025494E+00 -0.27030364E+00  0.10000000E+01  0.80554770E+00  0.20660964E+00  0.89436790E+00
 -0.2500     0.85495984E+00 -0.30537667E+00  0.10000000E+01  0.87602494E+00  0.27341157E-01  0.97258958E+00
 -0.1250     0.80356536E+00 -0.33008301E+00  0.10000000E+01  0.90613795E+00 -0.15970754E+00  0.10566986E+01
 -0.0000     0.74837595E+00 -0.34366092E+00  0.10000000E+01  0.89649756E+00 -0.34559827E+00  0.11439705E+01
  0.1250     0.69205120E+00 -0.34613592E+00  0.10000000E+01  0.84984515E+00 -0.52250722E+00  0.12323539E+01
  0.2500     0.63735549E+00 -0.33837098E+00  0.10000000E+01  0.77035036E+00 -0.68415035E+00  0.13204695E+01
  0.3750     0.58688422E+00 -0.32203359E+00  0.10000000E+01  0.66290954E+00 -0.82584194E+00  0.14074141E+01
  0.5000     0.54279467E+00 -0.29947629E+00  0.10000000E+01  0.53260271E+00 -0.94426848E+00  0.14924585E+01
  0.6250     0.50657472E+00 -0.27353480E+00  0.10000000E+01  0.38439817E+00 -0.10371199E+01  0.15748250E+01
  0.7500     0.47888820E+00 -0.24726630E+00  0.10000000E+01  0.22311724E+00 -0.11027308E+01  0.16536125E+01
  0.8750     0.45951681E+00 -0.22367151E+00  0.10000000E+01  0.53585140E-01 -0.11398747E+01  0.17277895E+01
  1.0000     0.44738683E+00 -0.20544082E+00  0.10000000E+01 -0.11919060E+00 -0.11477785E+01  0.17962013E+01
--- Richardson convergence test ---
 order 4 duhamel test
dt level 1  0.55062108E-05  0.13117964E-04
dt level 2  0.34394660E-06  0.82715229E-06
dt level 3  0.21502841E-07  0.51934753E-07
Observed order (psi, phi):   3.9996  3.9934



please ouutput both tables
of course, its phi(2) there and not (1)










now we want the tables.. in the same form as before but the comparison between 
phi_exact and phi_numeric
those are the data
# t  Re[psi(1)] Im[psi(1)] ||psi||                             Re[phi(1)] Im[phi(1)] ||phi||
 -1.0000     0.10000000E+01  0.00000000E+00  0.10000000E+01  0.10000000E+01  0.00000000E+00  0.10000000E+01
 -0.8750     0.99817653E+00 -0.60362318E-01  0.10000000E+01  0.97736483E+00 -0.18361656E+00  0.99446320E+00
 -0.7500     0.99271278E+00 -0.12050450E+00  0.10000000E+01  0.93802352E+00 -0.36444067E+00  0.10063325E+01
 -0.6250     0.98362867E+00 -0.18020721E+00  0.10000000E+01  0.88223148E+00 -0.54120886E+00  0.10350070E+01
 -0.5000     0.97095733E+00 -0.23925271E+00  0.10000000E+01  0.81033183E+00 -0.71267828E+00  0.10791423E+01
 -0.3750     0.95474497E+00 -0.29742568E+00  0.10000000E+01  0.72275392E+00 -0.87763248E+00  0.11369310E+01
 -0.2500     0.93505072E+00 -0.35451395E+00  0.10000000E+01  0.62001134E+00 -0.10348871E+01  0.12064018E+01
 -0.1250     0.91194641E+00 -0.41030934E+00  0.10000000E+01  0.50269967E+00 -0.11832954E+01  0.12856496E+01
 -0.0000     0.88551628E+00 -0.46460835E+00  0.10000000E+01  0.37149383E+00 -0.13217538E+01  0.13729679E+01
  0.1250     0.85585673E+00 -0.51721297E+00  0.10000000E+01  0.22714509E+00 -0.14492070E+01  0.14669001E+01
  0.2500     0.82307593E+00 -0.56793135E+00  0.10000000E+01  0.70477777E-01 -0.15646529E+01  0.15662393E+01
  0.3750     0.78729343E+00 -0.61657851E+00  0.10000000E+01 -0.97614425E-01 -0.16671475E+01  0.16700028E+01
  0.5000     0.74863971E+00 -0.66297706E+00  0.10000000E+01 -0.27617237E+00 -0.17558095E+01  0.17773965E+01
  0.6250     0.70725576E+00 -0.70695777E+00  0.10000000E+01 -0.46417570E+00 -0.18298248E+01  0.18877812E+01
  0.7500     0.66329249E+00 -0.74836025E+00  0.10000000E+01 -0.66054735E+00 -0.18884498E+01  0.20006413E+01
  0.8750     0.61691024E+00 -0.78703352E+00  0.10000000E+01 -0.86415832E+00 -0.19310160E+01  0.21155596E+01
  1.0000     0.56827816E+00 -0.82283652E+00  0.10000000E+01 -0.10738327E+01 -0.19569327E+01  0.22321967E+01
--- Convergence vs Exact Solution ---
dt level 1  0.16569251E-13  0.11730759E-10
dt level 2  0.31540987E-13  0.77915975E-12
dt level 3  0.50277083E-13  0.14166389E-12
dt level 4  0.10700338E-12  0.24780274E-12
Observed order (psi, phi):  -1.0897 -0.8067


we are interested only in data pertaining to phi, i.e. the 3 last ones
but its phi_numerical that is there
so phi_exact is given at


 -1.0000     0.10000000E+01  0.00000000E+00  0.10000000E+01  0.10000000E+01  0.00000000E+00  0.10000000E+01
          20           1 -0.90000000000000002                 (0.98323496648593456,-0.14707591885976978)            (0.98323496648602526,-0.14707591885919033)
          20           2 -0.80000000000000004                 (0.95575041292129004,-0.29252737981746546)            (0.95575041292152052,-0.29252737981631532)
          20           3 -0.70000000000000007                 (0.91766352493419523,-0.43570477922802142)            (0.91766352493461478,-0.43570477922631246)
          20           4 -0.60000000000000009                 (0.86912764618976168,-0.57596599040246377)            (0.86912764619041771,-0.57596599040021079)
          20           5 -0.50000000000000011                 (0.81033183262046671,-0.71267828216091555)            (0.81033183262140585,-0.71267828215813622)
          20           6 -0.40000000000000013                 (0.74150030786417387,-0.84522021192623809)            (0.74150030786544208,-0.84522021192295393)
          20           7 -0.30000000000000016                 (0.66289182132166458,-0.97298348837216553)            (0.66289182132330571,-0.97298348836840065)
          20           8 -0.20000000000000015                  (0.57479891049372678,-1.0953747987164284)             (0.57479891049578469,-1.0953747987122098)
          20           9 -0.10000000000000014                  (0.47754706950188625,-1.2118175958382498)             (0.47754706950440234,-1.2118175958336068)
          20          10  -1.3877787807814457E-016             (0.37149382593623653,-1.3217538405004698)             (0.37149382593924907,-1.3217538404954343)
          20          11   9.9999999999999867E-002             (0.25702772840790739,-1.4246456940692149)             (0.25702772841145471,-1.4246456940638224)
          20          12  0.19999999999999987                  (0.13456724741193876,-1.5199771572481564)             (0.13456724741605475,-1.5199771572424434)
          20          13  0.29999999999999988             (4.55959232814553278E-003,-1.6072556504797313)        (4.55959233286429289E-003,-1.6072556504737385)
          20          14  0.39999999999999991                 (-0.13252055239757843,-1.6860135318118998)            (-0.13252055239222604,-1.6860135318056690)
          20          15  0.49999999999999989                 (-0.27617236864169914,-1.7558095481856881)            (-0.27617236863568562,-1.7558095481792615)
          20          16  0.59999999999999987                 (-0.42587032011202031,-1.8162302162655994)            (-0.42587032010532044,-1.8162302162590247)
          20          17  0.69999999999999984                 (-0.58106563833710423,-1.8668911291115224)            (-0.58106563832969438,-1.8668911291048467)
          20          18  0.79999999999999982                 (-0.74118787531409747,-1.9074381851765576)            (-0.74118787530595831,-1.9074381851698292)
          20          19  0.89999999999999980                 (-0.90564651882038272,-1.9375487363099135)            (-0.90564651881149716,-1.9375487363031842)
          20          20  0.99999999999999978                  (-1.0738326662317790,-1.9569326516470169)             (-1.0738326662221336,-1.9569326516403391)

the last column is the exact values, the 3rd one is for our quadrature.
1. it should match the data above
2. if t does produce the tables, please

of course, the error for the level must be computed each time
since we want only around 10 values, you know which one to sort.. right?





ah..
i see what you did.
i want the order in the last table the errors are already computed there.
in the first table, with the time dependent data, the norm would be better for the exact and numerical results.
but maybe its a lot to compute that.. feel free to just compute the 20 values you need 

when you are done, please give me the new versions of the tables

-----

good..
now we want the same thing, but the initial conditions are going to be different
derivatives are invoked so its wil be the second component each time
im not sure you need to know this
if you miss the label, im gonna corret them anyway

# t  Re[psi(1)] Im[psi(1)] ||psi||                             Re[phi(1)] Im[phi(1)] ||phi||
 -1.0000     0.10000000E+01  0.00000000E+00  0.10000000E+01  0.00000000E+00  0.70710678E+00  0.70710678E+00
 -0.8750     0.99817653E+00 -0.60362318E-01  0.10000000E+01  0.19786235E+00  0.67928785E+00  0.70751784E+00
 -0.7500     0.99271278E+00 -0.12050450E+00  0.10000000E+01  0.38788954E+00  0.61663514E+00  0.72848966E+00
 -0.6250     0.98362867E+00 -0.18020721E+00  0.10000000E+01  0.56450140E+00  0.52087023E+00  0.76809350E+00
 -0.5000     0.97095733E+00 -0.23925271E+00  0.10000000E+01  0.72246179E+00  0.39458200E+00  0.82319256E+00
 -0.3750     0.95474497E+00 -0.29742568E+00  0.10000000E+01  0.85701151E+00  0.24116133E+00  0.89029631E+00
 -0.2500     0.93505072E+00 -0.35451395E+00  0.10000000E+01  0.96398925E+00  0.64715681E-01  0.96615909E+00
 -0.1250     0.91194641E+00 -0.41030934E+00  0.10000000E+01  0.10399375E+01 -0.13003439E+00  0.10480358E+01
 -0.0000     0.88551628E+00 -0.46460835E+00  0.10000000E+01  0.10821911E+01 -0.33787417E+00  0.11337092E+01
  0.1250     0.85585673E+00 -0.51721297E+00  0.10000000E+01  0.10889451E+01 -0.55322613E+00  0.12214175E+01
  0.2500     0.82307593E+00 -0.56793135E+00  0.10000000E+01  0.10593022E+01 -0.77029050E+00  0.13097590E+01
  0.3750     0.78729343E+00 -0.61657851E+00  0.10000000E+01  0.99329622E+00 -0.98319143E+00  0.13976061E+01
  0.5000     0.74863971E+00 -0.66297706E+00  0.10000000E+01  0.89189329E+00 -0.11861252E+01  0.14840372E+01
  0.6250     0.70725576E+00 -0.70695777E+00  0.10000000E+01  0.75696871E+00 -0.13735065E+01  0.15682862E+01
  0.7500     0.66329249E+00 -0.74836025E+00  0.10000000E+01  0.59126154E+00 -0.15401096E+01  0.16497054E+01
  0.8750     0.61691024E+00 -0.78703352E+00  0.10000000E+01  0.39830729E+00 -0.16812004E+01  0.17277395E+01
  1.0000     0.56827816E+00 -0.82283652E+00  0.10000000E+01  0.18235070E+00 -0.17926563E+01  0.18019069E+01
--- Convergence vs Exact Solution ---
dt level 1  0.16569251E-13  0.86675250E+00
dt level 2  0.31540987E-13  0.86675251E+00
dt level 3  0.50277083E-13  0.86675251E+00
dt level 4  0.10700338E-12  0.86675251E+00
Observed order (psi, phi):  -1.0897 -0.0000

  
 exact vs numerical (during propag)
# t  Re[phi(1)] Im[phi(1)] ||phi||                    Re[phi_ex(1)] Im[phi_ex(1)] ||phi_ex||
 -1.0000    -0.75166286E-16  0.00000000E+00  0.10000000E+01  0.00000000E+00  0.00000000E+00  0.00000000E+00
          20           1 -0.90000000000000002                  (0.15873365022435421,0.68767759437236675)             (0.18526560737806375,0.72976438649896402)
          20           2 -0.80000000000000004                  (0.31318223476928020,0.64578608961676709)             (0.37288957411878704,0.72525958581948202)
          20           3 -0.70000000000000007                  (0.46044653530235813,0.58217648252873777)             (0.55928689933477060,0.69347840984011133)
          20           4 -0.60000000000000009                  (0.59774557109171966,0.49795700385377711)             (0.74088578370306246,0.63476594273883080)
          20           5 -0.50000000000000011                  (0.72246179845426972,0.39458199503560232)             (0.91418574215361614,0.54992100894217288)
          20           6 -0.40000000000000013                  (0.83218368251714026,0.27382842832921417)              (1.0758145798373167,0.44018354873380344)
          20           7 -0.30000000000000016                  (0.92474495731473927,0.13776722847068248)              (1.2225833159120554,0.30721488504393490)
          20           8 -0.20000000000000015            (0.99825994339822111,-1.12701436360592884E-002)              (1.3515381726104831,0.15307119787991216)
          20           9 -0.10000000000000014                  (1.0511543554134215,-0.17072930869012384)        (1.4600087941429800,-1.98293680945565709E-002)
          20          10  -1.3877787807814457E-016             (1.0821911044916899,-0.33787418424272897)             (1.5456519204884076,-0.20874543510538046)
          20          11   9.9999999999999867E-002             (1.0904906806339234,-0.50983113568384009)             (1.6064898140623687,-0.41065634146342345)
          20          12  0.19999999999999987                  (1.0755457872621597,-0.68363535408512055)             (1.6409428214575641,-0.62231060315717845)
          20          13  0.29999999999999988                  (1.0372299923692130,-0.85627871625404550)             (1.6478555465719733,-0.84027811013268294)
          20          14  0.39999999999999991                  (0.97580025673440340,-1.0247583585410229)              (1.6265162139675680,-1.0610052195734583)
          20          15  0.49999999999999989                  (0.89189329795125838,-1.1861251844613836)              (1.5766689105896630,-1.2808718619597130)
          20          16  0.59999999999999987                  (0.78651584795384666,-1.3375315272314305)              (1.4985185082709407,-1.4962497433429083)
          20          17  0.69999999999999984                  (0.66102895974432108,-1.4762772018557735)              (1.3927281869104240,-1.7035607096381622)
          20          18  0.79999999999999982                  (0.51712661454228526,-1.5998532072246472)              (1.2604095969710516,-1.8993343360959174)
          20          19  0.89999999999999980                  (0.35680897206379025,-1.7059823763705415)              (1.1031058180742201,-2.0802638175082593)
          20          20  0.99999999999999978                  (0.18235069262589715,-1.7926563219882787)             (0.92276738608984521,-2.2432592619353775)

those are the data.
same thing as before
