This is pdfTeX, Version 3.14159265-2.6-1.40.20 (TeX Live 2019) (preloaded format=pdflatex 2019.11.26)  9 MAR 2021 19:27
entering extended mode
 restricted \write18 enabled.
 %&-line parsing enabled.
**speech.tex
(./speech.tex
LaTeX2e <2018-12-01>
(/usr/local/texlive/2019/texmf-dist/tex/latex/base/article.cls
Document Class: article 2018/09/03 v1.4i Standard LaTeX document class
(/usr/local/texlive/2019/texmf-dist/tex/latex/base/size10.clo
File: size10.clo 2018/09/03 v1.4i Standard LaTeX file (size option)
)
\c@part=\count80
\c@section=\count81
\c@subsection=\count82
\c@subsubsection=\count83
\c@paragraph=\count84
\c@subparagraph=\count85
\c@figure=\count86
\c@table=\count87
\abovecaptionskip=\skip41
\belowcaptionskip=\skip42
\bibindent=\dimen102
)
(/usr/local/texlive/2019/texmf-dist/tex/latex/amsfonts/amssymb.sty
Package: amssymb 2013/01/14 v3.01 AMS font symbols

(/usr/local/texlive/2019/texmf-dist/tex/latex/amsfonts/amsfonts.sty
Package: amsfonts 2013/01/14 v3.01 Basic AMSFonts support
\@emptytoks=\toks14
\symAMSa=\mathgroup4
\symAMSb=\mathgroup5
LaTeX Font Info:    Overwriting math alphabet `\mathfrak' in version `bold'
(Font)                  U/euf/m/n --> U/euf/b/n on input line 106.
))
(/usr/local/texlive/2019/texmf-dist/tex/latex/amsmath/amsmath.sty
Package: amsmath 2018/12/01 v2.17b AMS math features
\@mathmargin=\skip43

For additional information on amsmath, use the `?' option.
(/usr/local/texlive/2019/texmf-dist/tex/latex/amsmath/amstext.sty
Package: amstext 2000/06/29 v2.01 AMS text

(/usr/local/texlive/2019/texmf-dist/tex/latex/amsmath/amsgen.sty
File: amsgen.sty 1999/11/30 v2.0 generic functions
\@emptytoks=\toks15
\ex@=\dimen103
))
(/usr/local/texlive/2019/texmf-dist/tex/latex/amsmath/amsbsy.sty
Package: amsbsy 1999/11/29 v1.2d Bold Symbols
\pmbraise@=\dimen104
)
(/usr/local/texlive/2019/texmf-dist/tex/latex/amsmath/amsopn.sty
Package: amsopn 2016/03/08 v2.02 operator names
)
\inf@bad=\count88
LaTeX Info: Redefining \frac on input line 223.
\uproot@=\count89
\leftroot@=\count90
LaTeX Info: Redefining \overline on input line 385.
\classnum@=\count91
\DOTSCASE@=\count92
LaTeX Info: Redefining \ldots on input line 482.
LaTeX Info: Redefining \dots on input line 485.
LaTeX Info: Redefining \cdots on input line 606.
\Mathstrutbox@=\box27
\strutbox@=\box28
\big@size=\dimen105
LaTeX Font Info:    Redeclaring font encoding OML on input line 729.
LaTeX Font Info:    Redeclaring font encoding OMS on input line 730.
\macc@depth=\count93
\c@MaxMatrixCols=\count94
\dotsspace@=\muskip10
\c@parentequation=\count95
\dspbrk@lvl=\count96
\tag@help=\toks16
\row@=\count97
\column@=\count98
\maxfields@=\count99
\andhelp@=\toks17
\eqnshift@=\dimen106
\alignsep@=\dimen107
\tagshift@=\dimen108
\tagwidth@=\dimen109
\totwidth@=\dimen110
\lineht@=\dimen111
\@envbody=\toks18
\multlinegap=\skip44
\multlinetaggap=\skip45
\mathdisplay@stack=\toks19
LaTeX Info: Redefining \[ on input line 2844.
LaTeX Info: Redefining \] on input line 2845.
)
(./speech.aux)
\openout1 = `speech.aux'.

LaTeX Font Info:    Checking defaults for OML/cmm/m/it on input line 6.
LaTeX Font Info:    ... okay on input line 6.
LaTeX Font Info:    Checking defaults for T1/cmr/m/n on input line 6.
LaTeX Font Info:    ... okay on input line 6.
LaTeX Font Info:    Checking defaults for OT1/cmr/m/n on input line 6.
LaTeX Font Info:    ... okay on input line 6.
LaTeX Font Info:    Checking defaults for OMS/cmsy/m/n on input line 6.
LaTeX Font Info:    ... okay on input line 6.
LaTeX Font Info:    Checking defaults for OMX/cmex/m/n on input line 6.
LaTeX Font Info:    ... okay on input line 6.
LaTeX Font Info:    Checking defaults for U/cmr/m/n on input line 6.
LaTeX Font Info:    ... okay on input line 6.
LaTeX Font Info:    Try loading font information for OMS+cmr on input line 11.
 (/usr/local/texlive/2019/texmf-dist/tex/latex/base/omscmr.fd
File: omscmr.fd 2014/09/29 v2.5h Standard LaTeX font definitions
)
LaTeX Font Info:    Font shape `OMS/cmr/m/n' in size <10> not available
(Font)              Font shape `OMS/cmsy/m/n' tried instead on input line 11.

Overfull \hbox (8.02837pt too wide) in paragraph at lines 28--44
\OT1/cmr/m/n/10 branche de la physique est d'une im-por-tance cap-i-tale pour l
e d^^Seveloppements
 []


Overfull \hbox (1.36154pt too wide) in paragraph at lines 45--54
[]\OT1/cmr/m/n/10 Nous voyons ici quelques chal-lenges ce se pro-pose de r^^Ses
oudre notre branche
 []

LaTeX Font Info:    Try loading font information for U+msa on input line 59.
(/usr/local/texlive/2019/texmf-dist/tex/latex/amsfonts/umsa.fd
File: umsa.fd 2013/01/14 v3.01 AMS symbols A
)
LaTeX Font Info:    Try loading font information for U+msb on input line 59.

(/usr/local/texlive/2019/texmf-dist/tex/latex/amsfonts/umsb.fd
File: umsb.fd 2013/01/14 v3.01 AMS symbols B
)
Overfull \hbox (12.50061pt too wide) in paragraph at lines 64--84
\OT1/cmr/m/n/10 probl^^Reme, on rec-quiert ^^Ra plusieurs tech-niques d'approxi
mation et de r^^Seduction
 []


Overfull \hbox (3.44504pt too wide) in paragraph at lines 64--84
\OT1/cmr/m/n/10 dans l'esapce des mo-ments, qui est adapt^^Se pour la de-scrip-
tion de l'ionisation
 []

[1

{/usr/local/texlive/2019/texmf-var/fonts/map/pdftex/updmap/pdftex.map}]
Overfull \hbox (8.58388pt too wide) in paragraph at lines 131--140
[]\OT1/cmr/m/n/10 Nous tra-vail-lons en champ fort, c'est ^^Ra dire pour des ch
amps laser d'intensit^^Ses
 []

[2]
Overfull \hbox (1.33397pt too wide) in paragraph at lines 171--174
[]\OT1/cmr/m/n/10 Par ex-em-ple, on ob-tient l'hamiltonien en jauge longeur g^^
Sen^^Seralement utilis^^Se
 []


Overfull \hbox (15.27832pt too wide) in paragraph at lines 176--193
[]\OT1/cmr/m/n/10 Dans ces champs laser in-tenses, l'atome subit divers pro-ces
-sus dont l'ionisation
 []


Overfull \hbox (9.12997pt too wide) in paragraph at lines 176--193
\OT1/cmr/m/n/10 d^^Sepend du po-ten-tiel d'ionisation $\OML/cmm/m/it/10 I[]$ \O
T1/cmr/m/n/10 de l'atome et du po-ten-tiel pond^^Seromoteur
 []

[3] [4] [5]
Overfull \hbox (7.97281pt too wide) in paragraph at lines 385--388
[]\OT1/cmr/m/n/10 Finalement, on peut ^^Sevaluer la struc-ture en com-parant le
s forces d'oscillateur
 []

[6]
Overfull \hbox (5.7506pt too wide) in paragraph at lines 433--436
\OT1/cmr/m/n/10 d'entre eux, nous faisons varier un nom-bre r^^Seduit de param^
^Retres et analysons
 []

[7]
Overfull \hbox (0.36162pt too wide) in paragraph at lines 467--475
[]\OT1/cmr/m/n/10 Les tableaux repr^^Sesentent la com-para-i-son de nos r^^Sesu
ltats avec ceux donn^^Ses
 []


Overfull \hbox (13.83394pt too wide) in paragraph at lines 496--502
[]\OT1/cmr/m/n/10 La premi^^Rere fig-ure ^^Ra gauche donne les pop-u-la-tions f
i-nales pour deux diff^^Serentes
 []

[8] [9]
Overfull \hbox (6.49117pt too wide) in paragraph at lines 630--637
\OT1/cmr/m/n/10 et longues et dans diff^^Serents r^^Segimes d'intensit^^Ses. Ce
s ^^Setudes sont n^^Secessaires
 []

[10]
Overfull \hbox (0.66722pt too wide) in paragraph at lines 668--672
\OT1/cmr/m/n/10 tiels s^^Separables b^ati sur notre ap-proche, qui nous per-me-
t-tra ^^Seventuellement
 []


Overfull \hbox (12.63936pt too wide) in paragraph at lines 690--693
[]\OT1/cmr/m/n/10 Je ne saurais finir sans re-mercier le Cen-tre de Physique At
om-ique, Mol^^Seculaire
 []

[11] (./speech.aux) ) 
Here is how much of TeX's memory you used:
 1157 strings out of 492623
 12983 string characters out of 6129536
 76546 words of memory out of 5000000
 5104 multiletter control sequences out of 15000+600000
 9047 words of font info for 34 fonts, out of 8000000 for 9000
 1141 hyphenation exceptions out of 8191
 27i,6n,27p,202b,207s stack positions out of 5000i,500n,10000p,200000b,80000s
</usr/local/texlive/2019/texmf-dist/fonts/type1/public/ams
fonts/cm/cmbx10.pfb></usr/local/texlive/2019/texmf-dist/fonts/type1/public/amsf
onts/cm/cmbx12.pfb></usr/local/texlive/2019/texmf-dist/fonts/type1/public/amsfo
nts/cm/cmex10.pfb></usr/local/texlive/2019/texmf-dist/fonts/type1/public/amsfon
ts/cm/cmmi10.pfb></usr/local/texlive/2019/texmf-dist/fonts/type1/public/amsfont
s/cm/cmmi7.pfb></usr/local/texlive/2019/texmf-dist/fonts/type1/public/amsfonts/
cm/cmmib10.pfb></usr/local/texlive/2019/texmf-dist/fonts/type1/public/amsfonts/
cm/cmr10.pfb></usr/local/texlive/2019/texmf-dist/fonts/type1/public/amsfonts/cm
/cmr7.pfb></usr/local/texlive/2019/texmf-dist/fonts/type1/public/amsfonts/cm/cm
sy10.pfb></usr/local/texlive/2019/texmf-dist/fonts/type1/public/amsfonts/cm/cms
y7.pfb></usr/local/texlive/2019/texmf-dist/fonts/type1/public/amsfonts/cm/cmti1
0.pfb>
Output written on speech.pdf (11 pages, 152874 bytes).
PDF statistics:
 84 PDF objects out of 1000 (max. 8388607)
 59 compressed objects within 1 object stream
 0 named destinations out of 1000 (max. 500000)
 1 words of extra memory for PDF output out of 10000 (max. 10000000)

