This is pdfTeX, Version 3.141592653-2.6-1.40.24 (TeX Live 2022) (preloaded format=pdflatex 2022.10.18)  1 DEC 2022 16:35
entering extended mode
 restricted \write18 enabled.
 %&-line parsing enabled.
**notes_tdse.tex
(./notes_tdse.tex
LaTeX2e <2022-06-01> patch level 5
L3 programming layer <2022-09-28>

! LaTeX Error: Missing \begin{document}.

See the LaTeX manual or LaTeX Companion for explanation.
Type  H <return>  for immediate help.
 ...                                              
                                                  
l.3 \noindent
              The equation we are solving is the following:
? 
! Emergency stop.
 ...                                              
                                                  
l.3 \noindent
              The equation we are solving is the following:
You're in trouble here.  Try typing  <return>  to proceed.
If that doesn't work, type  X <return>  to quit.

 
Here is how much of TeX's memory you used:
 17 strings out of 476522
 528 string characters out of 5814142
 336837 words of memory out of 5000000
 21309 multiletter control sequences out of 15000+600000
 469259 words of font info for 28 fonts, out of 8000000 for 9000
 319 hyphenation exceptions out of 8191
 13i,0n,12p,102b,14s stack positions out of 10000i,1000n,20000p,200000b,200000s
!  ==> Fatal error occurred, no output PDF file produced!
